Archive member included to satisfy reference by file (symbol)

/mnt/d/TARGET/edk2sdm/workspace/Build/XiaomiMI6Pkg/DEBUG_GCC5/AARCH64/ArmPkg/Library/CompilerIntrinsicsLib/CompilerIntrinsicsLib/OUTPUT/CompilerIntrinsicsLib.lib(memcpy.obj)
                              /mnt/d/TARGET/edk2sdm/edk2/ArmPkg/Library/GccLto/liblto-aarch64.a (memcpy)
/mnt/d/TARGET/edk2sdm/workspace/Build/XiaomiMI6Pkg/DEBUG_GCC5/AARCH64/ArmPkg/Library/CompilerIntrinsicsLib/CompilerIntrinsicsLib/OUTPUT/CompilerIntrinsicsLib.lib(memset.obj)
                              /mnt/d/TARGET/edk2sdm/edk2/ArmPkg/Library/GccLto/liblto-aarch64.a (memset)
/mnt/d/TARGET/edk2sdm/workspace/Build/XiaomiMI6Pkg/DEBUG_GCC5/AARCH64/MdePkg/Library/UefiDriverEntryPoint/UefiDriverEntryPoint/OUTPUT/UefiDriverEntryPoint.lib(DriverEntryPoint.obj)
                              (_ModuleEntryPoint)
/mnt/d/TARGET/edk2sdm/workspace/Build/XiaomiMI6Pkg/DEBUG_GCC5/AARCH64/MdePkg/Library/BaseStackCheckLib/BaseStackCheckLib/OUTPUT/BaseStackCheckLib.lib(BaseStackCheckGcc.obj)
                              /mnt/d/TARGET/edk2sdm/edk2/ArmPkg/Library/GccLto/liblto-aarch64.a (__stack_chk_fail)
/mnt/d/TARGET/edk2sdm/workspace/Build/XiaomiMI6Pkg/DEBUG_GCC5/AARCH64/MdeModulePkg/Universal/ResetSystemRuntimeDxe/ResetSystemRuntimeDxe/OUTPUT/ResetSystemRuntimeDxe.lib(AutoGen.obj)
                              DriverEntryPoint.obj (symbol from plugin) (ProcessLibraryConstructorList)
/mnt/d/TARGET/edk2sdm/workspace/Build/XiaomiMI6Pkg/DEBUG_GCC5/AARCH64/MdeModulePkg/Universal/ResetSystemRuntimeDxe/ResetSystemRuntimeDxe/OUTPUT/ResetSystemRuntimeDxe.lib(ResetSystem.obj)
                              AutoGen.obj (symbol from plugin) (InitializeResetSystem)
/mnt/d/TARGET/edk2sdm/workspace/Build/XiaomiMI6Pkg/DEBUG_GCC5/AARCH64/MdePkg/Library/BaseLib/BaseLib/OUTPUT/BaseLib.lib(CpuDeadLoop.obj)
                              BaseStackCheckGcc.obj (symbol from plugin) (CpuDeadLoop)
/mnt/d/TARGET/edk2sdm/workspace/Build/XiaomiMI6Pkg/DEBUG_GCC5/AARCH64/MdePkg/Library/BaseLib/BaseLib/OUTPUT/BaseLib.lib(LinkedList.obj)
                              ResetSystem.obj (symbol from plugin) (InsertTailList)
/mnt/d/TARGET/edk2sdm/workspace/Build/XiaomiMI6Pkg/DEBUG_GCC5/AARCH64/MdePkg/Library/BaseLib/BaseLib/OUTPUT/BaseLib.lib(CpuBreakpoint.obj)
                              BaseStackCheckGcc.obj (symbol from plugin) (CpuBreakpoint)
/mnt/d/TARGET/edk2sdm/workspace/Build/XiaomiMI6Pkg/DEBUG_GCC5/AARCH64/MdePkg/Library/BaseDebugLibSerialPort/BaseDebugLibSerialPort/OUTPUT/BaseDebugLibSerialPort.lib(DebugLib.obj)
                              AutoGen.obj (symbol from plugin) (BaseDebugLibSerialPortConstructor)
/mnt/d/TARGET/edk2sdm/workspace/Build/XiaomiMI6Pkg/DEBUG_GCC5/AARCH64/MdePkg/Library/UefiBootServicesTableLib/UefiBootServicesTableLib/OUTPUT/UefiBootServicesTableLib.lib(UefiBootServicesTableLib.obj)
                              AutoGen.obj (symbol from plugin) (UefiBootServicesTableLibConstructor)
/mnt/d/TARGET/edk2sdm/workspace/Build/XiaomiMI6Pkg/DEBUG_GCC5/AARCH64/MdePkg/Library/UefiMemoryAllocationLib/UefiMemoryAllocationLib/OUTPUT/UefiMemoryAllocationLib.lib(MemoryAllocationLib.obj)
                              ResetSystem.obj (symbol from plugin) (AllocatePool)
/mnt/d/TARGET/edk2sdm/workspace/Build/XiaomiMI6Pkg/DEBUG_GCC5/AARCH64/MdePkg/Library/UefiRuntimeServicesTableLib/UefiRuntimeServicesTableLib/OUTPUT/UefiRuntimeServicesTableLib.lib(UefiRuntimeServicesTableLib.obj)
                              AutoGen.obj (symbol from plugin) (UefiRuntimeServicesTableLibConstructor)
/mnt/d/TARGET/edk2sdm/workspace/Build/XiaomiMI6Pkg/DEBUG_GCC5/AARCH64/MdePkg/Library/UefiLib/UefiLib/OUTPUT/UefiLib.lib(UefiLib.obj)
                              AutoGen.obj (symbol from plugin) (UefiLibConstructor)
/mnt/d/TARGET/edk2sdm/workspace/Build/XiaomiMI6Pkg/DEBUG_GCC5/AARCH64/MdePkg/Library/DxeHobLib/DxeHobLib/OUTPUT/DxeHobLib.lib(HobLib.obj)
                              AutoGen.obj (symbol from plugin) (HobLibConstructor)
/mnt/d/TARGET/edk2sdm/workspace/Build/XiaomiMI6Pkg/DEBUG_GCC5/AARCH64/ArmPkg/Library/ArmMmuLib/ArmMmuBaseLib/OUTPUT/ArmMmuBaseLib.lib(ArmMmuLibCore.obj)
                              AutoGen.obj (symbol from plugin) (ArmMmuBaseLibConstructor)
/mnt/d/TARGET/edk2sdm/workspace/Build/XiaomiMI6Pkg/DEBUG_GCC5/AARCH64/ArmPkg/Library/ArmMmuLib/ArmMmuBaseLib/OUTPUT/ArmMmuBaseLib.lib(ArmMmuLibReplaceEntry.obj)
                              ArmMmuLibCore.obj (symbol from plugin) (ArmReplaceLiveTranslationEntry)
/mnt/d/TARGET/edk2sdm/workspace/Build/XiaomiMI6Pkg/DEBUG_GCC5/AARCH64/MdePkg/Library/UefiRuntimeLib/UefiRuntimeLib/OUTPUT/UefiRuntimeLib.lib(RuntimeLib.obj)
                              AutoGen.obj (symbol from plugin) (RuntimeDriverLibConstruct)
/mnt/d/TARGET/edk2sdm/workspace/Build/XiaomiMI6Pkg/DEBUG_GCC5/AARCH64/ArmPkg/Library/ArmSmcPsciResetSystemLib/ArmSmcPsciResetSystemLib/OUTPUT/ArmSmcPsciResetSystemLib.lib(ArmSmcPsciResetSystemLib.obj)
                              ResetSystem.obj (symbol from plugin) (ResetCold)
/mnt/d/TARGET/edk2sdm/workspace/Build/XiaomiMI6Pkg/DEBUG_GCC5/AARCH64/ArmPkg/Library/ArmSmcPsciResetSystemLib/ArmSmcPsciResetSystemLib/OUTPUT/ArmSmcPsciResetSystemLib.lib(Reset.obj)
                              ArmSmcPsciResetSystemLib.obj (symbol from plugin) (DisableMmuAndReenterPei)
/mnt/d/TARGET/edk2sdm/workspace/Build/XiaomiMI6Pkg/DEBUG_GCC5/AARCH64/MdeModulePkg/Library/RuntimeDxeReportStatusCodeLib/RuntimeDxeReportStatusCodeLib/OUTPUT/RuntimeDxeReportStatusCodeLib.lib(ReportStatusCodeLib.obj)
                              AutoGen.obj (symbol from plugin) (ReportStatusCodeLibConstructor)
/mnt/d/TARGET/edk2sdm/workspace/Build/XiaomiMI6Pkg/DEBUG_GCC5/AARCH64/MdePkg/Library/BaseMemoryLibOptDxe/BaseMemoryLibOptDxe/OUTPUT/BaseMemoryLibOptDxe.lib(MemLibGuid.obj)
                              ReportStatusCodeLib.obj (symbol from plugin) (CopyGuid)
/mnt/d/TARGET/edk2sdm/workspace/Build/XiaomiMI6Pkg/DEBUG_GCC5/AARCH64/MdePkg/Library/BaseMemoryLibOptDxe/BaseMemoryLibOptDxe/OUTPUT/BaseMemoryLibOptDxe.lib(ZeroMemWrapper.obj)
                              MemoryAllocationLib.obj (symbol from plugin) (ZeroMem)
/mnt/d/TARGET/edk2sdm/workspace/Build/XiaomiMI6Pkg/DEBUG_GCC5/AARCH64/MdePkg/Library/BaseMemoryLibOptDxe/BaseMemoryLibOptDxe/OUTPUT/BaseMemoryLibOptDxe.lib(SetMemWrapper.obj)
                              DebugLib.obj (symbol from plugin) (SetMem)
/mnt/d/TARGET/edk2sdm/workspace/Build/XiaomiMI6Pkg/DEBUG_GCC5/AARCH64/MdePkg/Library/BaseMemoryLibOptDxe/BaseMemoryLibOptDxe/OUTPUT/BaseMemoryLibOptDxe.lib(CopyMemWrapper.obj)
                              MemoryAllocationLib.obj (symbol from plugin) (CopyMem)
/mnt/d/TARGET/edk2sdm/workspace/Build/XiaomiMI6Pkg/DEBUG_GCC5/AARCH64/MdePkg/Library/BaseMemoryLibOptDxe/BaseMemoryLibOptDxe/OUTPUT/BaseMemoryLibOptDxe.lib(SetMem.obj)
                              ZeroMemWrapper.obj (symbol from plugin) (InternalMemZeroMem)
/mnt/d/TARGET/edk2sdm/workspace/Build/XiaomiMI6Pkg/DEBUG_GCC5/AARCH64/MdePkg/Library/BaseMemoryLibOptDxe/BaseMemoryLibOptDxe/OUTPUT/BaseMemoryLibOptDxe.lib(CopyMem.obj)
                              MemLibGuid.obj (symbol from plugin) (InternalMemCopyMem)
/mnt/d/TARGET/edk2sdm/workspace/Build/XiaomiMI6Pkg/DEBUG_GCC5/AARCH64/MdePkg/Library/BaseMemoryLibOptDxe/BaseMemoryLibOptDxe/OUTPUT/BaseMemoryLibOptDxe.lib(CompareGuid.obj)
                              MemLibGuid.obj (symbol from plugin) (InternalMemCompareGuid)
/mnt/d/TARGET/edk2sdm/workspace/Build/XiaomiMI6Pkg/DEBUG_GCC5/AARCH64/MdePkg/Library/BaseMemoryLibOptDxe/BaseMemoryLibOptDxe/OUTPUT/BaseMemoryLibOptDxe.lib(SetMem64Wrapper.obj)
                              SetMemWrapper.obj (symbol from plugin) (SetMem64)
/mnt/d/TARGET/edk2sdm/workspace/Build/XiaomiMI6Pkg/DEBUG_GCC5/AARCH64/MdePkg/Library/BaseLib/BaseLib/OUTPUT/BaseLib.lib(LShiftU64.obj)
                              ArmMmuLibCore.obj (symbol from plugin) (LShiftU64)
/mnt/d/TARGET/edk2sdm/workspace/Build/XiaomiMI6Pkg/DEBUG_GCC5/AARCH64/MdePkg/Library/BaseLib/BaseLib/OUTPUT/BaseLib.lib(LowBitSet64.obj)
                              ArmMmuLibCore.obj (symbol from plugin) (LowBitSet64)
/mnt/d/TARGET/edk2sdm/workspace/Build/XiaomiMI6Pkg/DEBUG_GCC5/AARCH64/MdePkg/Library/BaseLib/BaseLib/OUTPUT/BaseLib.lib(String.obj)
                              UefiLib.obj (symbol from plugin) (StrSize)
/mnt/d/TARGET/edk2sdm/workspace/Build/XiaomiMI6Pkg/DEBUG_GCC5/AARCH64/MdePkg/Library/BaseLib/BaseLib/OUTPUT/BaseLib.lib(Unaligned.obj)
                              UefiLib.obj (symbol from plugin) (ReadUnaligned24)
/mnt/d/TARGET/edk2sdm/workspace/Build/XiaomiMI6Pkg/DEBUG_GCC5/AARCH64/MdePkg/Library/BaseLib/BaseLib/OUTPUT/BaseLib.lib(Math64.obj)
                              LShiftU64.obj (symbol from plugin) (InternalMathLShiftU64)
/mnt/d/TARGET/edk2sdm/workspace/Build/XiaomiMI6Pkg/DEBUG_GCC5/AARCH64/MdePkg/Library/BaseLib/BaseLib/OUTPUT/BaseLib.lib(SwapBytes32.obj)
                              Math64.obj (symbol from plugin) (SwapBytes32)
/mnt/d/TARGET/edk2sdm/workspace/Build/XiaomiMI6Pkg/DEBUG_GCC5/AARCH64/MdePkg/Library/BaseLib/BaseLib/OUTPUT/BaseLib.lib(SwapBytes16.obj)
                              SwapBytes32.obj (symbol from plugin) (SwapBytes16)
/mnt/d/TARGET/edk2sdm/workspace/Build/XiaomiMI6Pkg/DEBUG_GCC5/AARCH64/MdePkg/Library/BaseLib/BaseLib/OUTPUT/BaseLib.lib(RShiftU64.obj)
                              LowBitSet64.obj (symbol from plugin) (RShiftU64)
/mnt/d/TARGET/edk2sdm/workspace/Build/XiaomiMI6Pkg/DEBUG_GCC5/AARCH64/MdePkg/Library/BaseLib/BaseLib/OUTPUT/BaseLib.lib(SafeString.obj)
                              String.obj (symbol from plugin) (StrDecimalToUintnS)
/mnt/d/TARGET/edk2sdm/workspace/Build/XiaomiMI6Pkg/DEBUG_GCC5/AARCH64/MdePkg/Library/BaseLib/BaseLib/OUTPUT/BaseLib.lib(MultU64x32.obj)
                              SafeString.obj (symbol from plugin) (MultU64x32)
/mnt/d/TARGET/edk2sdm/workspace/Build/XiaomiMI6Pkg/DEBUG_GCC5/AARCH64/MdePkg/Library/BaseLib/BaseLib/OUTPUT/BaseLib.lib(DivU64x32.obj)
                              SafeString.obj (symbol from plugin) (DivU64x32)
/mnt/d/TARGET/edk2sdm/workspace/Build/XiaomiMI6Pkg/DEBUG_GCC5/AARCH64/ArmPkg/Library/ArmLib/ArmBaseLib/OUTPUT/ArmBaseLib.lib(AArch64Lib.obj)
                              ArmMmuLibCore.obj (symbol from plugin) (ArmCleanInvalidateDataCache)
/mnt/d/TARGET/edk2sdm/workspace/Build/XiaomiMI6Pkg/DEBUG_GCC5/AARCH64/ArmPkg/Library/ArmLib/ArmBaseLib/OUTPUT/ArmBaseLib.lib(ArmLibSupport.obj)
                              AArch64Lib.obj (symbol from plugin) (ArmGetInterruptState)
/mnt/d/TARGET/edk2sdm/workspace/Build/XiaomiMI6Pkg/DEBUG_GCC5/AARCH64/ArmPkg/Library/ArmLib/ArmBaseLib/OUTPUT/ArmBaseLib.lib(ArmLibSupportV8.obj)
                              AArch64Lib.obj (symbol from plugin) (ArmEnableInterrupts)
/mnt/d/TARGET/edk2sdm/workspace/Build/XiaomiMI6Pkg/DEBUG_GCC5/AARCH64/ArmPkg/Library/ArmLib/ArmBaseLib/OUTPUT/ArmBaseLib.lib(AArch64Support.obj)
                              AArch64Lib.obj (symbol from plugin) (ArmInvalidateDataCacheEntryBySetWay)
/mnt/d/TARGET/edk2sdm/workspace/Build/XiaomiMI6Pkg/DEBUG_GCC5/AARCH64/ArmPkg/Library/ArmCacheMaintenanceLib/ArmCacheMaintenanceLib/OUTPUT/ArmCacheMaintenanceLib.lib(ArmCacheMaintenanceLib.obj)
                              ArmMmuLibCore.obj (symbol from plugin) (WriteBackDataCacheRange)
/mnt/d/TARGET/edk2sdm/workspace/Build/XiaomiMI6Pkg/DEBUG_GCC5/AARCH64/MdePkg/Library/BaseDebugPrintErrorLevelLib/BaseDebugPrintErrorLevelLib/OUTPUT/BaseDebugPrintErrorLevelLib.lib(BaseDebugPrintErrorLevelLib.obj)
                              DebugLib.obj (symbol from plugin) (GetDebugPrintErrorLevel)
/mnt/d/TARGET/edk2sdm/workspace/Build/XiaomiMI6Pkg/DEBUG_GCC5/AARCH64/XiaomiMI6Pkg/Library/FrameBufferSerialPortLib/FrameBufferSerialPortLib/OUTPUT/FrameBufferSerialPortLib.lib(FrameBufferSerialPortLib.obj)
                              DebugLib.obj (symbol from plugin) (SerialPortInitialize)
/mnt/d/TARGET/edk2sdm/workspace/Build/XiaomiMI6Pkg/DEBUG_GCC5/AARCH64/MdePkg/Library/BasePrintLib/BasePrintLib/OUTPUT/BasePrintLib.lib(PrintLib.obj)
                              DebugLib.obj (symbol from plugin) (AsciiVSPrint)
/mnt/d/TARGET/edk2sdm/workspace/Build/XiaomiMI6Pkg/DEBUG_GCC5/AARCH64/MdePkg/Library/BasePrintLib/BasePrintLib/OUTPUT/BasePrintLib.lib(PrintLibInternal.obj)
                              PrintLib.obj (symbol from plugin) (BasePrintLibConvertValueToString)
/mnt/d/TARGET/edk2sdm/workspace/Build/XiaomiMI6Pkg/DEBUG_GCC5/AARCH64/MdePkg/Library/UefiDevicePathLib/UefiDevicePathLib/OUTPUT/UefiDevicePathLib.lib(DevicePathUtilities.obj)
                              UefiLib.obj (symbol from plugin) (DevicePathType)
/mnt/d/TARGET/edk2sdm/workspace/Build/XiaomiMI6Pkg/DEBUG_GCC5/AARCH64/MdePkg/Library/UefiDevicePathLib/UefiDevicePathLib/OUTPUT/UefiDevicePathLib.lib(UefiDevicePathLib.obj)
                              ReportStatusCodeLib.obj (symbol from plugin) (GetDevicePathSize)
/mnt/d/TARGET/edk2sdm/workspace/Build/XiaomiMI6Pkg/DEBUG_GCC5/AARCH64/MdePkg/Library/UefiDevicePathLib/UefiDevicePathLib/OUTPUT/UefiDevicePathLib.lib(DevicePathToText.obj)
                              UefiDevicePathLib.obj (symbol from plugin) (UefiDevicePathLibConvertDeviceNodeToText)
/mnt/d/TARGET/edk2sdm/workspace/Build/XiaomiMI6Pkg/DEBUG_GCC5/AARCH64/MdePkg/Library/UefiDevicePathLib/UefiDevicePathLib/OUTPUT/UefiDevicePathLib.lib(DevicePathFromText.obj)
                              UefiDevicePathLib.obj (symbol from plugin) (UefiDevicePathLibConvertTextToDeviceNode)
/mnt/d/TARGET/edk2sdm/workspace/Build/XiaomiMI6Pkg/DEBUG_GCC5/AARCH64/ArmPkg/Library/ArmSmcLib/ArmSmcLib/OUTPUT/ArmSmcLib.lib(ArmSmc.obj)
                              ArmSmcPsciResetSystemLib.obj (symbol from plugin) (ArmCallSmc)
/mnt/d/TARGET/edk2sdm/workspace/Build/XiaomiMI6Pkg/DEBUG_GCC5/AARCH64/MdePkg/Library/BaseLib/BaseLib/OUTPUT/BaseLib.lib(SwapBytes64.obj)
                              DevicePathFromText.obj (symbol from plugin) (SwapBytes64)
/mnt/d/TARGET/edk2sdm/workspace/Build/XiaomiMI6Pkg/DEBUG_GCC5/AARCH64/MdePkg/Library/BaseLib/BaseLib/OUTPUT/BaseLib.lib(DivU64x32Remainder.obj)
                              PrintLibInternal.obj (symbol from plugin) (DivU64x32Remainder)
/mnt/d/TARGET/edk2sdm/workspace/Build/XiaomiMI6Pkg/DEBUG_GCC5/AARCH64/ArmPkg/Library/ArmLib/ArmBaseLib/OUTPUT/ArmBaseLib.lib(ArmLib.obj)
                              ArmCacheMaintenanceLib.obj (symbol from plugin) (ArmDataCacheLineLength)

Discarded input sections

 .text          0x0000000000000000       0x10 /mnt/d/TARGET/edk2sdm/edk2/ArmPkg/Library/GccLto/liblto-aarch64.a
 .data          0x0000000000000000        0x0 /mnt/d/TARGET/edk2sdm/edk2/ArmPkg/Library/GccLto/liblto-aarch64.a
 .bss           0x0000000000000000        0x0 /mnt/d/TARGET/edk2sdm/edk2/ArmPkg/Library/GccLto/liblto-aarch64.a
 .text          0x0000000000000000        0x0 /tmp/cc9S8hn6.ltrans0.ltrans.o
 .data          0x0000000000000000        0x0 /tmp/cc9S8hn6.ltrans0.ltrans.o
 .bss           0x0000000000000000        0x0 /tmp/cc9S8hn6.ltrans0.ltrans.o
 .text.StrnLenS
                0x0000000000000000       0x7c /tmp/cc9S8hn6.ltrans0.ltrans.o
 .text.IsNodeInList
                0x0000000000000000       0xb0 /tmp/cc9S8hn6.ltrans0.ltrans.o
 .text._DriverUnloadHandler
                0x0000000000000000       0x20 /tmp/cc9S8hn6.ltrans0.ltrans.o
 .text.__memset
                0x0000000000000000       0x1c /tmp/cc9S8hn6.ltrans0.ltrans.o
 .rodata.IsNodeInList.str1.1
                0x0000000000000000       0x44 /tmp/cc9S8hn6.ltrans0.ltrans.o
 .rodata.StrnLenS.str1.1
                0x0000000000000000       0x62 /tmp/cc9S8hn6.ltrans0.ltrans.o
 .comment       0x0000000000000000       0x31 /tmp/cc9S8hn6.ltrans0.ltrans.o
 .note.GNU-stack
                0x0000000000000000        0x0 /tmp/cc9S8hn6.ltrans0.ltrans.o
 .text          0x0000000000000000        0x8 /mnt/d/TARGET/edk2sdm/workspace/Build/XiaomiMI6Pkg/DEBUG_GCC5/AARCH64/MdePkg/Library/BaseLib/BaseLib/OUTPUT/BaseLib.lib(CpuBreakpoint.obj)
 .data          0x0000000000000000        0x0 /mnt/d/TARGET/edk2sdm/workspace/Build/XiaomiMI6Pkg/DEBUG_GCC5/AARCH64/MdePkg/Library/BaseLib/BaseLib/OUTPUT/BaseLib.lib(CpuBreakpoint.obj)
 .bss           0x0000000000000000        0x0 /mnt/d/TARGET/edk2sdm/workspace/Build/XiaomiMI6Pkg/DEBUG_GCC5/AARCH64/MdePkg/Library/BaseLib/BaseLib/OUTPUT/BaseLib.lib(CpuBreakpoint.obj)
 .text          0x0000000000000000        0x0 /mnt/d/TARGET/edk2sdm/workspace/Build/XiaomiMI6Pkg/DEBUG_GCC5/AARCH64/ArmPkg/Library/ArmMmuLib/ArmMmuBaseLib/OUTPUT/ArmMmuBaseLib.lib(ArmMmuLibReplaceEntry.obj)
 .data          0x0000000000000000        0x0 /mnt/d/TARGET/edk2sdm/workspace/Build/XiaomiMI6Pkg/DEBUG_GCC5/AARCH64/ArmPkg/Library/ArmMmuLib/ArmMmuBaseLib/OUTPUT/ArmMmuBaseLib.lib(ArmMmuLibReplaceEntry.obj)
 .bss           0x0000000000000000        0x0 /mnt/d/TARGET/edk2sdm/workspace/Build/XiaomiMI6Pkg/DEBUG_GCC5/AARCH64/ArmPkg/Library/ArmMmuLib/ArmMmuBaseLib/OUTPUT/ArmMmuBaseLib.lib(ArmMmuLibReplaceEntry.obj)
 .text          0x0000000000000000        0x0 /mnt/d/TARGET/edk2sdm/workspace/Build/XiaomiMI6Pkg/DEBUG_GCC5/AARCH64/ArmPkg/Library/ArmSmcPsciResetSystemLib/ArmSmcPsciResetSystemLib/OUTPUT/ArmSmcPsciResetSystemLib.lib(Reset.obj)
 .data          0x0000000000000000        0x0 /mnt/d/TARGET/edk2sdm/workspace/Build/XiaomiMI6Pkg/DEBUG_GCC5/AARCH64/ArmPkg/Library/ArmSmcPsciResetSystemLib/ArmSmcPsciResetSystemLib/OUTPUT/ArmSmcPsciResetSystemLib.lib(Reset.obj)
 .bss           0x0000000000000000        0x0 /mnt/d/TARGET/edk2sdm/workspace/Build/XiaomiMI6Pkg/DEBUG_GCC5/AARCH64/ArmPkg/Library/ArmSmcPsciResetSystemLib/ArmSmcPsciResetSystemLib/OUTPUT/ArmSmcPsciResetSystemLib.lib(Reset.obj)
 .text.DisableMmuAndReenterPei
                0x0000000000000000       0x24 /mnt/d/TARGET/edk2sdm/workspace/Build/XiaomiMI6Pkg/DEBUG_GCC5/AARCH64/ArmPkg/Library/ArmSmcPsciResetSystemLib/ArmSmcPsciResetSystemLib/OUTPUT/ArmSmcPsciResetSystemLib.lib(Reset.obj)
 .text          0x0000000000000000      0x200 /mnt/d/TARGET/edk2sdm/workspace/Build/XiaomiMI6Pkg/DEBUG_GCC5/AARCH64/MdePkg/Library/BaseMemoryLibOptDxe/BaseMemoryLibOptDxe/OUTPUT/BaseMemoryLibOptDxe.lib(SetMem.obj)
 .data          0x0000000000000000        0x0 /mnt/d/TARGET/edk2sdm/workspace/Build/XiaomiMI6Pkg/DEBUG_GCC5/AARCH64/MdePkg/Library/BaseMemoryLibOptDxe/BaseMemoryLibOptDxe/OUTPUT/BaseMemoryLibOptDxe.lib(SetMem.obj)
 .bss           0x0000000000000000        0x0 /mnt/d/TARGET/edk2sdm/workspace/Build/XiaomiMI6Pkg/DEBUG_GCC5/AARCH64/MdePkg/Library/BaseMemoryLibOptDxe/BaseMemoryLibOptDxe/OUTPUT/BaseMemoryLibOptDxe.lib(SetMem.obj)
 .text          0x0000000000000000      0x218 /mnt/d/TARGET/edk2sdm/workspace/Build/XiaomiMI6Pkg/DEBUG_GCC5/AARCH64/MdePkg/Library/BaseMemoryLibOptDxe/BaseMemoryLibOptDxe/OUTPUT/BaseMemoryLibOptDxe.lib(CopyMem.obj)
 .data          0x0000000000000000        0x0 /mnt/d/TARGET/edk2sdm/workspace/Build/XiaomiMI6Pkg/DEBUG_GCC5/AARCH64/MdePkg/Library/BaseMemoryLibOptDxe/BaseMemoryLibOptDxe/OUTPUT/BaseMemoryLibOptDxe.lib(CopyMem.obj)
 .bss           0x0000000000000000        0x0 /mnt/d/TARGET/edk2sdm/workspace/Build/XiaomiMI6Pkg/DEBUG_GCC5/AARCH64/MdePkg/Library/BaseMemoryLibOptDxe/BaseMemoryLibOptDxe/OUTPUT/BaseMemoryLibOptDxe.lib(CopyMem.obj)
 .data          0x0000000000000000        0x0 /mnt/d/TARGET/edk2sdm/workspace/Build/XiaomiMI6Pkg/DEBUG_GCC5/AARCH64/MdePkg/Library/BaseMemoryLibOptDxe/BaseMemoryLibOptDxe/OUTPUT/BaseMemoryLibOptDxe.lib(CompareGuid.obj)
 .bss           0x0000000000000000        0x0 /mnt/d/TARGET/edk2sdm/workspace/Build/XiaomiMI6Pkg/DEBUG_GCC5/AARCH64/MdePkg/Library/BaseMemoryLibOptDxe/BaseMemoryLibOptDxe/OUTPUT/BaseMemoryLibOptDxe.lib(CompareGuid.obj)
 .text          0x0000000000000000        0x0 /mnt/d/TARGET/edk2sdm/workspace/Build/XiaomiMI6Pkg/DEBUG_GCC5/AARCH64/ArmPkg/Library/ArmLib/ArmBaseLib/OUTPUT/ArmBaseLib.lib(ArmLibSupport.obj)
 .data          0x0000000000000000        0x0 /mnt/d/TARGET/edk2sdm/workspace/Build/XiaomiMI6Pkg/DEBUG_GCC5/AARCH64/ArmPkg/Library/ArmLib/ArmBaseLib/OUTPUT/ArmBaseLib.lib(ArmLibSupport.obj)
 .bss           0x0000000000000000        0x0 /mnt/d/TARGET/edk2sdm/workspace/Build/XiaomiMI6Pkg/DEBUG_GCC5/AARCH64/ArmPkg/Library/ArmLib/ArmBaseLib/OUTPUT/ArmBaseLib.lib(ArmLibSupport.obj)
 .text.ArmReadMidr
                0x0000000000000000        0x8 /mnt/d/TARGET/edk2sdm/workspace/Build/XiaomiMI6Pkg/DEBUG_GCC5/AARCH64/ArmPkg/Library/ArmLib/ArmBaseLib/OUTPUT/ArmBaseLib.lib(ArmLibSupport.obj)
 .text.ArmGetFiqState
                0x0000000000000000       0x10 /mnt/d/TARGET/edk2sdm/workspace/Build/XiaomiMI6Pkg/DEBUG_GCC5/AARCH64/ArmPkg/Library/ArmLib/ArmBaseLib/OUTPUT/ArmBaseLib.lib(ArmLibSupport.obj)
 .text.ArmWriteCpacr
                0x0000000000000000        0x8 /mnt/d/TARGET/edk2sdm/workspace/Build/XiaomiMI6Pkg/DEBUG_GCC5/AARCH64/ArmPkg/Library/ArmLib/ArmBaseLib/OUTPUT/ArmBaseLib.lib(ArmLibSupport.obj)
 .text.ArmWriteAuxCr
                0x0000000000000000       0x28 /mnt/d/TARGET/edk2sdm/workspace/Build/XiaomiMI6Pkg/DEBUG_GCC5/AARCH64/ArmPkg/Library/ArmLib/ArmBaseLib/OUTPUT/ArmBaseLib.lib(ArmLibSupport.obj)
 .text.ArmReadAuxCr
                0x0000000000000000       0x28 /mnt/d/TARGET/edk2sdm/workspace/Build/XiaomiMI6Pkg/DEBUG_GCC5/AARCH64/ArmPkg/Library/ArmLib/ArmBaseLib/OUTPUT/ArmBaseLib.lib(ArmLibSupport.obj)
 .text.ArmSetTTBR0
                0x0000000000000000       0x34 /mnt/d/TARGET/edk2sdm/workspace/Build/XiaomiMI6Pkg/DEBUG_GCC5/AARCH64/ArmPkg/Library/ArmLib/ArmBaseLib/OUTPUT/ArmBaseLib.lib(ArmLibSupport.obj)
 .text.ArmGetTTBR0BaseAddress
                0x0000000000000000       0x30 /mnt/d/TARGET/edk2sdm/workspace/Build/XiaomiMI6Pkg/DEBUG_GCC5/AARCH64/ArmPkg/Library/ArmLib/ArmBaseLib/OUTPUT/ArmBaseLib.lib(ArmLibSupport.obj)
 .text.ArmGetTCR
                0x0000000000000000       0x34 /mnt/d/TARGET/edk2sdm/workspace/Build/XiaomiMI6Pkg/DEBUG_GCC5/AARCH64/ArmPkg/Library/ArmLib/ArmBaseLib/OUTPUT/ArmBaseLib.lib(ArmLibSupport.obj)
 .text.ArmSetTCR
                0x0000000000000000       0x34 /mnt/d/TARGET/edk2sdm/workspace/Build/XiaomiMI6Pkg/DEBUG_GCC5/AARCH64/ArmPkg/Library/ArmLib/ArmBaseLib/OUTPUT/ArmBaseLib.lib(ArmLibSupport.obj)
 .text.ArmGetMAIR
                0x0000000000000000       0x34 /mnt/d/TARGET/edk2sdm/workspace/Build/XiaomiMI6Pkg/DEBUG_GCC5/AARCH64/ArmPkg/Library/ArmLib/ArmBaseLib/OUTPUT/ArmBaseLib.lib(ArmLibSupport.obj)
 .text.ArmSetMAIR
                0x0000000000000000       0x34 /mnt/d/TARGET/edk2sdm/workspace/Build/XiaomiMI6Pkg/DEBUG_GCC5/AARCH64/ArmPkg/Library/ArmLib/ArmBaseLib/OUTPUT/ArmBaseLib.lib(ArmLibSupport.obj)
 .text.ArmUpdateTranslationTableEntry
                0x0000000000000000       0x40 /mnt/d/TARGET/edk2sdm/workspace/Build/XiaomiMI6Pkg/DEBUG_GCC5/AARCH64/ArmPkg/Library/ArmLib/ArmBaseLib/OUTPUT/ArmBaseLib.lib(ArmLibSupport.obj)
 .text.ArmInvalidateTlb
                0x0000000000000000       0x38 /mnt/d/TARGET/edk2sdm/workspace/Build/XiaomiMI6Pkg/DEBUG_GCC5/AARCH64/ArmPkg/Library/ArmLib/ArmBaseLib/OUTPUT/ArmBaseLib.lib(ArmLibSupport.obj)
 .text.ArmWriteCptr
                0x0000000000000000        0x8 /mnt/d/TARGET/edk2sdm/workspace/Build/XiaomiMI6Pkg/DEBUG_GCC5/AARCH64/ArmPkg/Library/ArmLib/ArmBaseLib/OUTPUT/ArmBaseLib.lib(ArmLibSupport.obj)
 .text.ArmWriteScr
                0x0000000000000000        0xc /mnt/d/TARGET/edk2sdm/workspace/Build/XiaomiMI6Pkg/DEBUG_GCC5/AARCH64/ArmPkg/Library/ArmLib/ArmBaseLib/OUTPUT/ArmBaseLib.lib(ArmLibSupport.obj)
 .text.ArmWriteMVBar
                0x0000000000000000        0x8 /mnt/d/TARGET/edk2sdm/workspace/Build/XiaomiMI6Pkg/DEBUG_GCC5/AARCH64/ArmPkg/Library/ArmLib/ArmBaseLib/OUTPUT/ArmBaseLib.lib(ArmLibSupport.obj)
 .text.ArmCallWFE
                0x0000000000000000        0x8 /mnt/d/TARGET/edk2sdm/workspace/Build/XiaomiMI6Pkg/DEBUG_GCC5/AARCH64/ArmPkg/Library/ArmLib/ArmBaseLib/OUTPUT/ArmBaseLib.lib(ArmLibSupport.obj)
 .text.ArmCallSEV
                0x0000000000000000        0x8 /mnt/d/TARGET/edk2sdm/workspace/Build/XiaomiMI6Pkg/DEBUG_GCC5/AARCH64/ArmPkg/Library/ArmLib/ArmBaseLib/OUTPUT/ArmBaseLib.lib(ArmLibSupport.obj)
 .text.ArmReadCpuActlr
                0x0000000000000000        0x8 /mnt/d/TARGET/edk2sdm/workspace/Build/XiaomiMI6Pkg/DEBUG_GCC5/AARCH64/ArmPkg/Library/ArmLib/ArmBaseLib/OUTPUT/ArmBaseLib.lib(ArmLibSupport.obj)
 .text.ArmWriteCpuActlr
                0x0000000000000000       0x10 /mnt/d/TARGET/edk2sdm/workspace/Build/XiaomiMI6Pkg/DEBUG_GCC5/AARCH64/ArmPkg/Library/ArmLib/ArmBaseLib/OUTPUT/ArmBaseLib.lib(ArmLibSupport.obj)
 .text.ArmReadSctlr
                0x0000000000000000       0x30 /mnt/d/TARGET/edk2sdm/workspace/Build/XiaomiMI6Pkg/DEBUG_GCC5/AARCH64/ArmPkg/Library/ArmLib/ArmBaseLib/OUTPUT/ArmBaseLib.lib(ArmLibSupport.obj)
 .text.ArmWriteSctlr
                0x0000000000000000       0x30 /mnt/d/TARGET/edk2sdm/workspace/Build/XiaomiMI6Pkg/DEBUG_GCC5/AARCH64/ArmPkg/Library/ArmLib/ArmBaseLib/OUTPUT/ArmBaseLib.lib(ArmLibSupport.obj)
 .text.ArmGetPhysicalAddressBits
                0x0000000000000000       0x24 /mnt/d/TARGET/edk2sdm/workspace/Build/XiaomiMI6Pkg/DEBUG_GCC5/AARCH64/ArmPkg/Library/ArmLib/ArmBaseLib/OUTPUT/ArmBaseLib.lib(ArmLibSupport.obj)
 .text          0x0000000000000000        0x0 /mnt/d/TARGET/edk2sdm/workspace/Build/XiaomiMI6Pkg/DEBUG_GCC5/AARCH64/ArmPkg/Library/ArmLib/ArmBaseLib/OUTPUT/ArmBaseLib.lib(ArmLibSupportV8.obj)
 .data          0x0000000000000000        0x0 /mnt/d/TARGET/edk2sdm/workspace/Build/XiaomiMI6Pkg/DEBUG_GCC5/AARCH64/ArmPkg/Library/ArmLib/ArmBaseLib/OUTPUT/ArmBaseLib.lib(ArmLibSupportV8.obj)
 .bss           0x0000000000000000        0x0 /mnt/d/TARGET/edk2sdm/workspace/Build/XiaomiMI6Pkg/DEBUG_GCC5/AARCH64/ArmPkg/Library/ArmLib/ArmBaseLib/OUTPUT/ArmBaseLib.lib(ArmLibSupportV8.obj)
 .text.ArmIsMpCore
                0x0000000000000000       0x14 /mnt/d/TARGET/edk2sdm/workspace/Build/XiaomiMI6Pkg/DEBUG_GCC5/AARCH64/ArmPkg/Library/ArmLib/ArmBaseLib/OUTPUT/ArmBaseLib.lib(ArmLibSupportV8.obj)
 .text.ArmEnableAsynchronousAbort
                0x0000000000000000        0xc /mnt/d/TARGET/edk2sdm/workspace/Build/XiaomiMI6Pkg/DEBUG_GCC5/AARCH64/ArmPkg/Library/ArmLib/ArmBaseLib/OUTPUT/ArmBaseLib.lib(ArmLibSupportV8.obj)
 .text.ArmDisableAsynchronousAbort
                0x0000000000000000        0xc /mnt/d/TARGET/edk2sdm/workspace/Build/XiaomiMI6Pkg/DEBUG_GCC5/AARCH64/ArmPkg/Library/ArmLib/ArmBaseLib/OUTPUT/ArmBaseLib.lib(ArmLibSupportV8.obj)
 .text.ArmEnableIrq
                0x0000000000000000        0xc /mnt/d/TARGET/edk2sdm/workspace/Build/XiaomiMI6Pkg/DEBUG_GCC5/AARCH64/ArmPkg/Library/ArmLib/ArmBaseLib/OUTPUT/ArmBaseLib.lib(ArmLibSupportV8.obj)
 .text.ArmDisableIrq
                0x0000000000000000        0xc /mnt/d/TARGET/edk2sdm/workspace/Build/XiaomiMI6Pkg/DEBUG_GCC5/AARCH64/ArmPkg/Library/ArmLib/ArmBaseLib/OUTPUT/ArmBaseLib.lib(ArmLibSupportV8.obj)
 .text.ArmEnableFiq
                0x0000000000000000        0xc /mnt/d/TARGET/edk2sdm/workspace/Build/XiaomiMI6Pkg/DEBUG_GCC5/AARCH64/ArmPkg/Library/ArmLib/ArmBaseLib/OUTPUT/ArmBaseLib.lib(ArmLibSupportV8.obj)
 .text.ArmDisableFiq
                0x0000000000000000        0xc /mnt/d/TARGET/edk2sdm/workspace/Build/XiaomiMI6Pkg/DEBUG_GCC5/AARCH64/ArmPkg/Library/ArmLib/ArmBaseLib/OUTPUT/ArmBaseLib.lib(ArmLibSupportV8.obj)
 .text.ArmDisableAllExceptions
                0x0000000000000000        0xc /mnt/d/TARGET/edk2sdm/workspace/Build/XiaomiMI6Pkg/DEBUG_GCC5/AARCH64/ArmPkg/Library/ArmLib/ArmBaseLib/OUTPUT/ArmBaseLib.lib(ArmLibSupportV8.obj)
 .text.ReadCCSIDR
                0x0000000000000000       0x10 /mnt/d/TARGET/edk2sdm/workspace/Build/XiaomiMI6Pkg/DEBUG_GCC5/AARCH64/ArmPkg/Library/ArmLib/ArmBaseLib/OUTPUT/ArmBaseLib.lib(ArmLibSupportV8.obj)
 .text.ReadCLIDR
                0x0000000000000000        0x8 /mnt/d/TARGET/edk2sdm/workspace/Build/XiaomiMI6Pkg/DEBUG_GCC5/AARCH64/ArmPkg/Library/ArmLib/ArmBaseLib/OUTPUT/ArmBaseLib.lib(ArmLibSupportV8.obj)
 .text          0x0000000000000000        0x0 /mnt/d/TARGET/edk2sdm/workspace/Build/XiaomiMI6Pkg/DEBUG_GCC5/AARCH64/ArmPkg/Library/ArmLib/ArmBaseLib/OUTPUT/ArmBaseLib.lib(AArch64Support.obj)
 .data          0x0000000000000000        0x0 /mnt/d/TARGET/edk2sdm/workspace/Build/XiaomiMI6Pkg/DEBUG_GCC5/AARCH64/ArmPkg/Library/ArmLib/ArmBaseLib/OUTPUT/ArmBaseLib.lib(AArch64Support.obj)
 .bss           0x0000000000000000        0x0 /mnt/d/TARGET/edk2sdm/workspace/Build/XiaomiMI6Pkg/DEBUG_GCC5/AARCH64/ArmPkg/Library/ArmLib/ArmBaseLib/OUTPUT/ArmBaseLib.lib(AArch64Support.obj)
 .text.ArmInvalidateDataCacheEntryByMVA
                0x0000000000000000        0x8 /mnt/d/TARGET/edk2sdm/workspace/Build/XiaomiMI6Pkg/DEBUG_GCC5/AARCH64/ArmPkg/Library/ArmLib/ArmBaseLib/OUTPUT/ArmBaseLib.lib(AArch64Support.obj)
 .text.ArmCleanDataCacheEntryToPoUByMVA
                0x0000000000000000        0x8 /mnt/d/TARGET/edk2sdm/workspace/Build/XiaomiMI6Pkg/DEBUG_GCC5/AARCH64/ArmPkg/Library/ArmLib/ArmBaseLib/OUTPUT/ArmBaseLib.lib(AArch64Support.obj)
 .text.ArmInvalidateInstructionCacheEntryToPoUByMVA
                0x0000000000000000        0x8 /mnt/d/TARGET/edk2sdm/workspace/Build/XiaomiMI6Pkg/DEBUG_GCC5/AARCH64/ArmPkg/Library/ArmLib/ArmBaseLib/OUTPUT/ArmBaseLib.lib(AArch64Support.obj)
 .text.ArmInvalidateDataCacheEntryBySetWay
                0x0000000000000000        0x8 /mnt/d/TARGET/edk2sdm/workspace/Build/XiaomiMI6Pkg/DEBUG_GCC5/AARCH64/ArmPkg/Library/ArmLib/ArmBaseLib/OUTPUT/ArmBaseLib.lib(AArch64Support.obj)
 .text.ArmCleanInvalidateDataCacheEntryBySetWay
                0x0000000000000000        0x8 /mnt/d/TARGET/edk2sdm/workspace/Build/XiaomiMI6Pkg/DEBUG_GCC5/AARCH64/ArmPkg/Library/ArmLib/ArmBaseLib/OUTPUT/ArmBaseLib.lib(AArch64Support.obj)
 .text.ArmCleanDataCacheEntryBySetWay
                0x0000000000000000        0x8 /mnt/d/TARGET/edk2sdm/workspace/Build/XiaomiMI6Pkg/DEBUG_GCC5/AARCH64/ArmPkg/Library/ArmLib/ArmBaseLib/OUTPUT/ArmBaseLib.lib(AArch64Support.obj)
 .text.ArmInvalidateInstructionCache
                0x0000000000000000       0x10 /mnt/d/TARGET/edk2sdm/workspace/Build/XiaomiMI6Pkg/DEBUG_GCC5/AARCH64/ArmPkg/Library/ArmLib/ArmBaseLib/OUTPUT/ArmBaseLib.lib(AArch64Support.obj)
 .text.ArmEnableMmu
                0x0000000000000000       0x88 /mnt/d/TARGET/edk2sdm/workspace/Build/XiaomiMI6Pkg/DEBUG_GCC5/AARCH64/ArmPkg/Library/ArmLib/ArmBaseLib/OUTPUT/ArmBaseLib.lib(AArch64Support.obj)
 .text.ArmDisableMmu
                0x0000000000000000       0x74 /mnt/d/TARGET/edk2sdm/workspace/Build/XiaomiMI6Pkg/DEBUG_GCC5/AARCH64/ArmPkg/Library/ArmLib/ArmBaseLib/OUTPUT/ArmBaseLib.lib(AArch64Support.obj)
 .text.ArmDisableCachesAndMmu
                0x0000000000000000       0x6c /mnt/d/TARGET/edk2sdm/workspace/Build/XiaomiMI6Pkg/DEBUG_GCC5/AARCH64/ArmPkg/Library/ArmLib/ArmBaseLib/OUTPUT/ArmBaseLib.lib(AArch64Support.obj)
 .text.ArmMmuEnabled
                0x0000000000000000       0x34 /mnt/d/TARGET/edk2sdm/workspace/Build/XiaomiMI6Pkg/DEBUG_GCC5/AARCH64/ArmPkg/Library/ArmLib/ArmBaseLib/OUTPUT/ArmBaseLib.lib(AArch64Support.obj)
 .text.ArmEnableDataCache
                0x0000000000000000       0x68 /mnt/d/TARGET/edk2sdm/workspace/Build/XiaomiMI6Pkg/DEBUG_GCC5/AARCH64/ArmPkg/Library/ArmLib/ArmBaseLib/OUTPUT/ArmBaseLib.lib(AArch64Support.obj)
 .text.ArmDisableDataCache
                0x0000000000000000       0x68 /mnt/d/TARGET/edk2sdm/workspace/Build/XiaomiMI6Pkg/DEBUG_GCC5/AARCH64/ArmPkg/Library/ArmLib/ArmBaseLib/OUTPUT/ArmBaseLib.lib(AArch64Support.obj)
 .text.ArmEnableInstructionCache
                0x0000000000000000       0x68 /mnt/d/TARGET/edk2sdm/workspace/Build/XiaomiMI6Pkg/DEBUG_GCC5/AARCH64/ArmPkg/Library/ArmLib/ArmBaseLib/OUTPUT/ArmBaseLib.lib(AArch64Support.obj)
 .text.ArmDisableInstructionCache
                0x0000000000000000       0x68 /mnt/d/TARGET/edk2sdm/workspace/Build/XiaomiMI6Pkg/DEBUG_GCC5/AARCH64/ArmPkg/Library/ArmLib/ArmBaseLib/OUTPUT/ArmBaseLib.lib(AArch64Support.obj)
 .text.ArmEnableAlignmentCheck
                0x0000000000000000       0x58 /mnt/d/TARGET/edk2sdm/workspace/Build/XiaomiMI6Pkg/DEBUG_GCC5/AARCH64/ArmPkg/Library/ArmLib/ArmBaseLib/OUTPUT/ArmBaseLib.lib(AArch64Support.obj)
 .text.ArmDisableAlignmentCheck
                0x0000000000000000       0x68 /mnt/d/TARGET/edk2sdm/workspace/Build/XiaomiMI6Pkg/DEBUG_GCC5/AARCH64/ArmPkg/Library/ArmLib/ArmBaseLib/OUTPUT/ArmBaseLib.lib(AArch64Support.obj)
 .text.ArmEnableStackAlignmentCheck
                0x0000000000000000       0x58 /mnt/d/TARGET/edk2sdm/workspace/Build/XiaomiMI6Pkg/DEBUG_GCC5/AARCH64/ArmPkg/Library/ArmLib/ArmBaseLib/OUTPUT/ArmBaseLib.lib(AArch64Support.obj)
 .text.ArmDisableStackAlignmentCheck
                0x0000000000000000       0x68 /mnt/d/TARGET/edk2sdm/workspace/Build/XiaomiMI6Pkg/DEBUG_GCC5/AARCH64/ArmPkg/Library/ArmLib/ArmBaseLib/OUTPUT/ArmBaseLib.lib(AArch64Support.obj)
 .text.ArmEnableBranchPrediction
                0x0000000000000000        0x4 /mnt/d/TARGET/edk2sdm/workspace/Build/XiaomiMI6Pkg/DEBUG_GCC5/AARCH64/ArmPkg/Library/ArmLib/ArmBaseLib/OUTPUT/ArmBaseLib.lib(AArch64Support.obj)
 .text.ArmDisableBranchPrediction
                0x0000000000000000        0x4 /mnt/d/TARGET/edk2sdm/workspace/Build/XiaomiMI6Pkg/DEBUG_GCC5/AARCH64/ArmPkg/Library/ArmLib/ArmBaseLib/OUTPUT/ArmBaseLib.lib(AArch64Support.obj)
 .text.AArch64AllDataCachesOperation
                0x0000000000000000       0xa8 /mnt/d/TARGET/edk2sdm/workspace/Build/XiaomiMI6Pkg/DEBUG_GCC5/AARCH64/ArmPkg/Library/ArmLib/ArmBaseLib/OUTPUT/ArmBaseLib.lib(AArch64Support.obj)
 .text.ArmDataMemoryBarrier
                0x0000000000000000        0x8 /mnt/d/TARGET/edk2sdm/workspace/Build/XiaomiMI6Pkg/DEBUG_GCC5/AARCH64/ArmPkg/Library/ArmLib/ArmBaseLib/OUTPUT/ArmBaseLib.lib(AArch64Support.obj)
 .text.ArmInstructionSynchronizationBarrier
                0x0000000000000000        0x8 /mnt/d/TARGET/edk2sdm/workspace/Build/XiaomiMI6Pkg/DEBUG_GCC5/AARCH64/ArmPkg/Library/ArmLib/ArmBaseLib/OUTPUT/ArmBaseLib.lib(AArch64Support.obj)
 .text.ArmWriteVBar
                0x0000000000000000       0x34 /mnt/d/TARGET/edk2sdm/workspace/Build/XiaomiMI6Pkg/DEBUG_GCC5/AARCH64/ArmPkg/Library/ArmLib/ArmBaseLib/OUTPUT/ArmBaseLib.lib(AArch64Support.obj)
 .text.ArmReadVBar
                0x0000000000000000       0x30 /mnt/d/TARGET/edk2sdm/workspace/Build/XiaomiMI6Pkg/DEBUG_GCC5/AARCH64/ArmPkg/Library/ArmLib/ArmBaseLib/OUTPUT/ArmBaseLib.lib(AArch64Support.obj)
 .text.ArmEnableVFP
                0x0000000000000000       0x64 /mnt/d/TARGET/edk2sdm/workspace/Build/XiaomiMI6Pkg/DEBUG_GCC5/AARCH64/ArmPkg/Library/ArmLib/ArmBaseLib/OUTPUT/ArmBaseLib.lib(AArch64Support.obj)
 .text.ArmCallWFI
                0x0000000000000000        0x8 /mnt/d/TARGET/edk2sdm/workspace/Build/XiaomiMI6Pkg/DEBUG_GCC5/AARCH64/ArmPkg/Library/ArmLib/ArmBaseLib/OUTPUT/ArmBaseLib.lib(AArch64Support.obj)
 .text.ArmReadMpidr
                0x0000000000000000        0x8 /mnt/d/TARGET/edk2sdm/workspace/Build/XiaomiMI6Pkg/DEBUG_GCC5/AARCH64/ArmPkg/Library/ArmLib/ArmBaseLib/OUTPUT/ArmBaseLib.lib(AArch64Support.obj)
 .text.ArmReadTpidrurw
                0x0000000000000000        0x8 /mnt/d/TARGET/edk2sdm/workspace/Build/XiaomiMI6Pkg/DEBUG_GCC5/AARCH64/ArmPkg/Library/ArmLib/ArmBaseLib/OUTPUT/ArmBaseLib.lib(AArch64Support.obj)
 .text.ArmWriteTpidrurw
                0x0000000000000000        0x8 /mnt/d/TARGET/edk2sdm/workspace/Build/XiaomiMI6Pkg/DEBUG_GCC5/AARCH64/ArmPkg/Library/ArmLib/ArmBaseLib/OUTPUT/ArmBaseLib.lib(AArch64Support.obj)
 .text.ArmIsArchTimerImplemented
                0x0000000000000000        0x8 /mnt/d/TARGET/edk2sdm/workspace/Build/XiaomiMI6Pkg/DEBUG_GCC5/AARCH64/ArmPkg/Library/ArmLib/ArmBaseLib/OUTPUT/ArmBaseLib.lib(AArch64Support.obj)
 .text.ArmReadIdPfr0
                0x0000000000000000        0x8 /mnt/d/TARGET/edk2sdm/workspace/Build/XiaomiMI6Pkg/DEBUG_GCC5/AARCH64/ArmPkg/Library/ArmLib/ArmBaseLib/OUTPUT/ArmBaseLib.lib(AArch64Support.obj)
 .text.ArmReadIdPfr1
                0x0000000000000000        0x8 /mnt/d/TARGET/edk2sdm/workspace/Build/XiaomiMI6Pkg/DEBUG_GCC5/AARCH64/ArmPkg/Library/ArmLib/ArmBaseLib/OUTPUT/ArmBaseLib.lib(AArch64Support.obj)
 .text.ArmWriteHcr
                0x0000000000000000        0x8 /mnt/d/TARGET/edk2sdm/workspace/Build/XiaomiMI6Pkg/DEBUG_GCC5/AARCH64/ArmPkg/Library/ArmLib/ArmBaseLib/OUTPUT/ArmBaseLib.lib(AArch64Support.obj)
 .text.ArmReadHcr
                0x0000000000000000        0x8 /mnt/d/TARGET/edk2sdm/workspace/Build/XiaomiMI6Pkg/DEBUG_GCC5/AARCH64/ArmPkg/Library/ArmLib/ArmBaseLib/OUTPUT/ArmBaseLib.lib(AArch64Support.obj)
 .text.ArmReadCurrentEL
                0x0000000000000000        0x8 /mnt/d/TARGET/edk2sdm/workspace/Build/XiaomiMI6Pkg/DEBUG_GCC5/AARCH64/ArmPkg/Library/ArmLib/ArmBaseLib/OUTPUT/ArmBaseLib.lib(AArch64Support.obj)
 .text.ArmReadCntHctl
                0x0000000000000000        0x8 /mnt/d/TARGET/edk2sdm/workspace/Build/XiaomiMI6Pkg/DEBUG_GCC5/AARCH64/ArmPkg/Library/ArmLib/ArmBaseLib/OUTPUT/ArmBaseLib.lib(AArch64Support.obj)
 .text.ArmWriteCntHctl
                0x0000000000000000        0x8 /mnt/d/TARGET/edk2sdm/workspace/Build/XiaomiMI6Pkg/DEBUG_GCC5/AARCH64/ArmPkg/Library/ArmLib/ArmBaseLib/OUTPUT/ArmBaseLib.lib(AArch64Support.obj)
 .text          0x0000000000000000        0x0 /mnt/d/TARGET/edk2sdm/workspace/Build/XiaomiMI6Pkg/DEBUG_GCC5/AARCH64/ArmPkg/Library/ArmSmcLib/ArmSmcLib/OUTPUT/ArmSmcLib.lib(ArmSmc.obj)
 .data          0x0000000000000000        0x0 /mnt/d/TARGET/edk2sdm/workspace/Build/XiaomiMI6Pkg/DEBUG_GCC5/AARCH64/ArmPkg/Library/ArmSmcLib/ArmSmcLib/OUTPUT/ArmSmcLib.lib(ArmSmc.obj)
 .bss           0x0000000000000000        0x0 /mnt/d/TARGET/edk2sdm/workspace/Build/XiaomiMI6Pkg/DEBUG_GCC5/AARCH64/ArmPkg/Library/ArmSmcLib/ArmSmcLib/OUTPUT/ArmSmcLib.lib(ArmSmc.obj)

Memory Configuration

Name             Origin             Length             Attributes
*default*        0x0000000000000000 0xffffffffffffffff

Linker script and memory map

LOAD /mnt/d/TARGET/edk2sdm/edk2/ArmPkg/Library/GccLto/liblto-aarch64.a
LOAD /tmp/cc9S8hn6.ltrans0.ltrans.o
START GROUP
LOAD /mnt/d/TARGET/edk2sdm/workspace/Build/XiaomiMI6Pkg/DEBUG_GCC5/AARCH64/MdePkg/Library/DxePcdLib/DxePcdLib/OUTPUT/DxePcdLib.lib
LOAD /mnt/d/TARGET/edk2sdm/workspace/Build/XiaomiMI6Pkg/DEBUG_GCC5/AARCH64/MdePkg/Library/BaseMemoryLibOptDxe/BaseMemoryLibOptDxe/OUTPUT/BaseMemoryLibOptDxe.lib
LOAD /mnt/d/TARGET/edk2sdm/workspace/Build/XiaomiMI6Pkg/DEBUG_GCC5/AARCH64/MdePkg/Library/BaseLib/BaseLib/OUTPUT/BaseLib.lib
LOAD /mnt/d/TARGET/edk2sdm/workspace/Build/XiaomiMI6Pkg/DEBUG_GCC5/AARCH64/ArmPkg/Library/ArmLib/ArmBaseLib/OUTPUT/ArmBaseLib.lib
LOAD /mnt/d/TARGET/edk2sdm/workspace/Build/XiaomiMI6Pkg/DEBUG_GCC5/AARCH64/ArmPkg/Library/ArmCacheMaintenanceLib/ArmCacheMaintenanceLib/OUTPUT/ArmCacheMaintenanceLib.lib
LOAD /mnt/d/TARGET/edk2sdm/workspace/Build/XiaomiMI6Pkg/DEBUG_GCC5/AARCH64/MdePkg/Library/BaseIoLibIntrinsic/BaseIoLibIntrinsic/OUTPUT/BaseIoLibIntrinsic.lib
LOAD /mnt/d/TARGET/edk2sdm/workspace/Build/XiaomiMI6Pkg/DEBUG_GCC5/AARCH64/ArmPkg/Library/CompilerIntrinsicsLib/CompilerIntrinsicsLib/OUTPUT/CompilerIntrinsicsLib.lib
LOAD /mnt/d/TARGET/edk2sdm/workspace/Build/XiaomiMI6Pkg/DEBUG_GCC5/AARCH64/MdePkg/Library/BaseDebugPrintErrorLevelLib/BaseDebugPrintErrorLevelLib/OUTPUT/BaseDebugPrintErrorLevelLib.lib
LOAD /mnt/d/TARGET/edk2sdm/workspace/Build/XiaomiMI6Pkg/DEBUG_GCC5/AARCH64/XiaomiMI6Pkg/Library/FrameBufferSerialPortLib/FrameBufferSerialPortLib/OUTPUT/FrameBufferSerialPortLib.lib
LOAD /mnt/d/TARGET/edk2sdm/workspace/Build/XiaomiMI6Pkg/DEBUG_GCC5/AARCH64/MdePkg/Library/BasePrintLib/BasePrintLib/OUTPUT/BasePrintLib.lib
LOAD /mnt/d/TARGET/edk2sdm/workspace/Build/XiaomiMI6Pkg/DEBUG_GCC5/AARCH64/MdePkg/Library/BaseDebugLibSerialPort/BaseDebugLibSerialPort/OUTPUT/BaseDebugLibSerialPort.lib
LOAD /mnt/d/TARGET/edk2sdm/workspace/Build/XiaomiMI6Pkg/DEBUG_GCC5/AARCH64/MdePkg/Library/UefiBootServicesTableLib/UefiBootServicesTableLib/OUTPUT/UefiBootServicesTableLib.lib
LOAD /mnt/d/TARGET/edk2sdm/workspace/Build/XiaomiMI6Pkg/DEBUG_GCC5/AARCH64/MdePkg/Library/UefiMemoryAllocationLib/UefiMemoryAllocationLib/OUTPUT/UefiMemoryAllocationLib.lib
LOAD /mnt/d/TARGET/edk2sdm/workspace/Build/XiaomiMI6Pkg/DEBUG_GCC5/AARCH64/MdePkg/Library/UefiDevicePathLib/UefiDevicePathLib/OUTPUT/UefiDevicePathLib.lib
LOAD /mnt/d/TARGET/edk2sdm/workspace/Build/XiaomiMI6Pkg/DEBUG_GCC5/AARCH64/MdePkg/Library/UefiRuntimeServicesTableLib/UefiRuntimeServicesTableLib/OUTPUT/UefiRuntimeServicesTableLib.lib
LOAD /mnt/d/TARGET/edk2sdm/workspace/Build/XiaomiMI6Pkg/DEBUG_GCC5/AARCH64/MdePkg/Library/UefiLib/UefiLib/OUTPUT/UefiLib.lib
LOAD /mnt/d/TARGET/edk2sdm/workspace/Build/XiaomiMI6Pkg/DEBUG_GCC5/AARCH64/MdePkg/Library/DxeHobLib/DxeHobLib/OUTPUT/DxeHobLib.lib
LOAD /mnt/d/TARGET/edk2sdm/workspace/Build/XiaomiMI6Pkg/DEBUG_GCC5/AARCH64/ArmPkg/Library/ArmSmcLib/ArmSmcLib/OUTPUT/ArmSmcLib.lib
LOAD /mnt/d/TARGET/edk2sdm/workspace/Build/XiaomiMI6Pkg/DEBUG_GCC5/AARCH64/ArmPkg/Library/ArmMmuLib/ArmMmuBaseLib/OUTPUT/ArmMmuBaseLib.lib
LOAD /mnt/d/TARGET/edk2sdm/workspace/Build/XiaomiMI6Pkg/DEBUG_GCC5/AARCH64/MdePkg/Library/UefiRuntimeLib/UefiRuntimeLib/OUTPUT/UefiRuntimeLib.lib
LOAD /mnt/d/TARGET/edk2sdm/workspace/Build/XiaomiMI6Pkg/DEBUG_GCC5/AARCH64/ArmPkg/Library/ArmSmcPsciResetSystemLib/ArmSmcPsciResetSystemLib/OUTPUT/ArmSmcPsciResetSystemLib.lib
LOAD /mnt/d/TARGET/edk2sdm/workspace/Build/XiaomiMI6Pkg/DEBUG_GCC5/AARCH64/MdePkg/Library/UefiDriverEntryPoint/UefiDriverEntryPoint/OUTPUT/UefiDriverEntryPoint.lib
LOAD /mnt/d/TARGET/edk2sdm/workspace/Build/XiaomiMI6Pkg/DEBUG_GCC5/AARCH64/MdeModulePkg/Library/RuntimeDxeReportStatusCodeLib/RuntimeDxeReportStatusCodeLib/OUTPUT/RuntimeDxeReportStatusCodeLib.lib
LOAD /mnt/d/TARGET/edk2sdm/workspace/Build/XiaomiMI6Pkg/DEBUG_GCC5/AARCH64/MdePkg/Library/BaseStackCheckLib/BaseStackCheckLib/OUTPUT/BaseStackCheckLib.lib
LOAD /mnt/d/TARGET/edk2sdm/workspace/Build/XiaomiMI6Pkg/DEBUG_GCC5/AARCH64/MdeModulePkg/Universal/ResetSystemRuntimeDxe/ResetSystemRuntimeDxe/OUTPUT/ResetSystemRuntimeDxe.lib
END GROUP
                0x0000000000000228                . = PECOFF_HEADER_SIZE

.gnu.version_d  0x0000000000000228        0x0
 .gnu.version_d
                0x0000000000000228        0x0 /mnt/d/TARGET/edk2sdm/edk2/ArmPkg/Library/GccLto/liblto-aarch64.a

.gnu.version    0x0000000000000228        0x0
 .gnu.version   0x0000000000000228        0x0 /mnt/d/TARGET/edk2sdm/edk2/ArmPkg/Library/GccLto/liblto-aarch64.a

.gnu.version_r  0x0000000000000228        0x0
 .gnu.version_r
                0x0000000000000228        0x0 /mnt/d/TARGET/edk2sdm/edk2/ArmPkg/Library/GccLto/liblto-aarch64.a

.text           0x0000000000010000     0x3958
 *(.text .text.* .stub .gnu.linkonce.t.*)
 .text.BasePrintLibFillBuffer
                0x0000000000010000       0x34 /tmp/cc9S8hn6.ltrans0.ltrans.o
 .text.AsciiStrnLenS
                0x0000000000010034       0x3c /tmp/cc9S8hn6.ltrans0.ltrans.o
 .text.ReportStatusCodeLibVirtualAddressChange
                0x0000000000010070       0x28 /tmp/cc9S8hn6.ltrans0.ltrans.o
 .text.InternalGetReportStatusCode
                0x0000000000010098       0x60 /tmp/cc9S8hn6.ltrans0.ltrans.o
 .text.ReportStatusCodeLibExitBootServices
                0x00000000000100f8       0x20 /tmp/cc9S8hn6.ltrans0.ltrans.o
 .text.RuntimeLibVirtualNotifyEvent
                0x0000000000010118       0x1c /tmp/cc9S8hn6.ltrans0.ltrans.o
 .text.RuntimeLibExitBootServicesEvent
                0x0000000000010134       0x10 /tmp/cc9S8hn6.ltrans0.ltrans.o
 .text.DebugPrintLevelEnabled
                0x0000000000010144        0x8 /tmp/cc9S8hn6.ltrans0.ltrans.o
 .text.DebugPrintEnabled
                0x000000000001014c        0x8 /tmp/cc9S8hn6.ltrans0.ltrans.o
 .text.DebugAssertEnabled
                0x0000000000010154        0x8 /tmp/cc9S8hn6.ltrans0.ltrans.o
 .text.BaseDebugLibSerialPortConstructor
                0x000000000001015c       0x84 /tmp/cc9S8hn6.ltrans0.ltrans.o
 .text.FbConFlush
                0x00000000000101e0       0x54 /tmp/cc9S8hn6.ltrans0.ltrans.o
 .text.SerialPortWrite
                0x0000000000010234      0x418 /tmp/cc9S8hn6.ltrans0.ltrans.o
 .text.ResetShutdown
                0x000000000001064c       0x54 /tmp/cc9S8hn6.ltrans0.ltrans.o
 .text.ResetCold
                0x00000000000106a0       0x54 /tmp/cc9S8hn6.ltrans0.ltrans.o
 .text.ResetPlatformSpecific.constprop.4
                0x00000000000106f4        0x4 /tmp/cc9S8hn6.ltrans0.ltrans.o
 .text.ResetWarm
                0x00000000000106f8        0x4 /tmp/cc9S8hn6.ltrans0.ltrans.o
 .text.ArmMmuBaseLibConstructor
                0x00000000000106fc       0x70 /tmp/cc9S8hn6.ltrans0.ltrans.o
 .text.DebugAssert
                0x000000000001076c       0x7c /tmp/cc9S8hn6.ltrans0.ltrans.o
 .text.CompareGuid.constprop.11
                0x00000000000107e8       0x50 /tmp/cc9S8hn6.ltrans0.ltrans.o
 .text.unlikely.ReadUnaligned16
                0x0000000000010838       0x68 /tmp/cc9S8hn6.ltrans0.ltrans.o
 .text.BasePrintLibSPrintMarker.constprop.23
                0x00000000000108a0      0xcbc /tmp/cc9S8hn6.ltrans0.ltrans.o
 .text.unlikely.BasePrintLibSPrint.constprop.24
                0x000000000001155c       0x98 /tmp/cc9S8hn6.ltrans0.ltrans.o
 .text.AsciiSPrint.constprop.21
                0x00000000000115f4       0xa4 /tmp/cc9S8hn6.ltrans0.ltrans.o
 .text.AsciiStrLen
                0x0000000000011698       0x80 /tmp/cc9S8hn6.ltrans0.ltrans.o
 .text.DebugPrint
                0x0000000000011718       0xb8 /tmp/cc9S8hn6.ltrans0.ltrans.o
 .text.InternalBaseLibIsListValid
                0x00000000000117d0       0xb8 /tmp/cc9S8hn6.ltrans0.ltrans.o
 .text.RemoveEntryList
                0x0000000000011888       0x88 /tmp/cc9S8hn6.ltrans0.ltrans.o
 .text.GetFirstNode
                0x0000000000011910       0x54 /tmp/cc9S8hn6.ltrans0.ltrans.o
 .text.IsNull   0x0000000000011964       0x5c /tmp/cc9S8hn6.ltrans0.ltrans.o
 .text.GetNextNode
                0x00000000000119c0       0x58 /tmp/cc9S8hn6.ltrans0.ltrans.o
 .text.InsertTailList
                0x0000000000011a18       0x6c /tmp/cc9S8hn6.ltrans0.ltrans.o
 .text.RuntimeServiceResetSystem
                0x0000000000011a84      0x37c /tmp/cc9S8hn6.ltrans0.ltrans.o
 .text.UnregisterResetNotify
                0x0000000000011e00      0x188 /tmp/cc9S8hn6.ltrans0.ltrans.o
 .text.RegisterResetNotify
                0x0000000000011f88      0x1c4 /tmp/cc9S8hn6.ltrans0.ltrans.o
 .text.ProcessLibraryDestructorList
                0x000000000001214c      0x268 /tmp/cc9S8hn6.ltrans0.ltrans.o
 .text.__stack_chk_fail
                0x00000000000123b4       0x34 /tmp/cc9S8hn6.ltrans0.ltrans.o
                0x00000000000123b4                __stack_chk_fail
 .text._ModuleEntryPoint
                0x00000000000123e8      0x6e4 /tmp/cc9S8hn6.ltrans0.ltrans.o
                0x00000000000123e8                _ModuleEntryPoint
 .text.memcpy   0x0000000000012acc       0x20 /tmp/cc9S8hn6.ltrans0.ltrans.o
                0x0000000000012acc                memcpy
 .text.ArmReplaceLiveTranslationEntry
                0x0000000000012aec       0xd0 /mnt/d/TARGET/edk2sdm/workspace/Build/XiaomiMI6Pkg/DEBUG_GCC5/AARCH64/ArmPkg/Library/ArmMmuLib/ArmMmuBaseLib/OUTPUT/ArmMmuBaseLib.lib(ArmMmuLibReplaceEntry.obj)
                0x0000000000012aec                ArmReplaceLiveTranslationEntry
                0x0000000000012bb8                ArmReplaceLiveTranslationEntrySize
 *fill*         0x0000000000012bbc        0x4 
 .text          0x0000000000012bc0       0x20 /mnt/d/TARGET/edk2sdm/workspace/Build/XiaomiMI6Pkg/DEBUG_GCC5/AARCH64/MdePkg/Library/BaseMemoryLibOptDxe/BaseMemoryLibOptDxe/OUTPUT/BaseMemoryLibOptDxe.lib(CompareGuid.obj)
                0x0000000000012bc0                InternalMemCompareGuid
 .text.ArmCacheInfo
                0x0000000000012be0        0x8 /mnt/d/TARGET/edk2sdm/workspace/Build/XiaomiMI6Pkg/DEBUG_GCC5/AARCH64/ArmPkg/Library/ArmLib/ArmBaseLib/OUTPUT/ArmBaseLib.lib(ArmLibSupport.obj)
                0x0000000000012be0                ArmCacheInfo
 .text.ArmGetInterruptState
                0x0000000000012be8       0x10 /mnt/d/TARGET/edk2sdm/workspace/Build/XiaomiMI6Pkg/DEBUG_GCC5/AARCH64/ArmPkg/Library/ArmLib/ArmBaseLib/OUTPUT/ArmBaseLib.lib(ArmLibSupport.obj)
                0x0000000000012be8                ArmGetInterruptState
 .text.ArmEnableInterrupts
                0x0000000000012bf8        0xc /mnt/d/TARGET/edk2sdm/workspace/Build/XiaomiMI6Pkg/DEBUG_GCC5/AARCH64/ArmPkg/Library/ArmLib/ArmBaseLib/OUTPUT/ArmBaseLib.lib(ArmLibSupportV8.obj)
                0x0000000000012bf8                ArmEnableInterrupts
 .text.ArmDisableInterrupts
                0x0000000000012c04        0xc /mnt/d/TARGET/edk2sdm/workspace/Build/XiaomiMI6Pkg/DEBUG_GCC5/AARCH64/ArmPkg/Library/ArmLib/ArmBaseLib/OUTPUT/ArmBaseLib.lib(ArmLibSupportV8.obj)
                0x0000000000012c04                ArmDisableInterrupts
 .text.ArmCleanDataCacheEntryByMVA
                0x0000000000012c10        0x8 /mnt/d/TARGET/edk2sdm/workspace/Build/XiaomiMI6Pkg/DEBUG_GCC5/AARCH64/ArmPkg/Library/ArmLib/ArmBaseLib/OUTPUT/ArmBaseLib.lib(AArch64Support.obj)
                0x0000000000012c10                ArmCleanDataCacheEntryByMVA
 .text.ArmCleanInvalidateDataCacheEntryByMVA
                0x0000000000012c18        0x8 /mnt/d/TARGET/edk2sdm/workspace/Build/XiaomiMI6Pkg/DEBUG_GCC5/AARCH64/ArmPkg/Library/ArmLib/ArmBaseLib/OUTPUT/ArmBaseLib.lib(AArch64Support.obj)
                0x0000000000012c18                ArmCleanInvalidateDataCacheEntryByMVA
 .text.ArmDataSynchronizationBarrier
                0x0000000000012c20        0x8 /mnt/d/TARGET/edk2sdm/workspace/Build/XiaomiMI6Pkg/DEBUG_GCC5/AARCH64/ArmPkg/Library/ArmLib/ArmBaseLib/OUTPUT/ArmBaseLib.lib(AArch64Support.obj)
                0x0000000000012c20                ArmDataSynchronizationBarrier
 .text.ArmCallSmc
                0x0000000000012c28       0x2c /mnt/d/TARGET/edk2sdm/workspace/Build/XiaomiMI6Pkg/DEBUG_GCC5/AARCH64/ArmPkg/Library/ArmSmcLib/ArmSmcLib/OUTPUT/ArmSmcLib.lib(ArmSmc.obj)
                0x0000000000012c28                ArmCallSmc
 *(.rodata .rodata.* .gnu.linkonce.r.*)
 .rodata.RuntimeServiceResetSystem
                0x0000000000012c54        0x4 /tmp/cc9S8hn6.ltrans0.ltrans.o
 .rodata.AsciiStrLen.str1.1
                0x0000000000012c58       0x73 /tmp/cc9S8hn6.ltrans0.ltrans.o
 .rodata.BasePrintLibSPrintMarker.constprop.23.str1.1
                0x0000000000012ccb      0x17a /tmp/cc9S8hn6.ltrans0.ltrans.o
 .rodata.CompareGuid.constprop.11.str1.1
                0x0000000000012e45       0x65 /tmp/cc9S8hn6.ltrans0.ltrans.o
 .rodata.DebugAssert.str1.1
                0x0000000000012eaa       0x2e /tmp/cc9S8hn6.ltrans0.ltrans.o
 .rodata.GetFirstNode.str1.1
                0x0000000000012ed8       0x22 /tmp/cc9S8hn6.ltrans0.ltrans.o
 .rodata.InternalBaseLibIsListValid.str1.1
                0x0000000000012efa       0x80 /tmp/cc9S8hn6.ltrans0.ltrans.o
                                         0x95 (size before relaxing)
 .rodata.ProcessLibraryDestructorList.str1.1
                0x0000000000012f7a      0x157 /tmp/cc9S8hn6.ltrans0.ltrans.o
 .rodata.ReadUnaligned16.str1.1
                0x00000000000130d1       0x59 /tmp/cc9S8hn6.ltrans0.ltrans.o
 .rodata.RegisterResetNotify.str1.1
                0x000000000001312a       0x28 /tmp/cc9S8hn6.ltrans0.ltrans.o
 .rodata.RemoveEntryList.str1.1
                0x0000000000013152       0x3b /tmp/cc9S8hn6.ltrans0.ltrans.o
 .rodata.RuntimeServiceResetSystem.str1.1
                0x000000000001318d      0x146 /tmp/cc9S8hn6.ltrans0.ltrans.o
 .rodata.UnregisterResetNotify.str1.1
                0x00000000000132d3       0x8d /tmp/cc9S8hn6.ltrans0.ltrans.o
 .rodata._ModuleEntryPoint.str1.1
                0x0000000000013360      0x1d1 /tmp/cc9S8hn6.ltrans0.ltrans.o
 .rodata.__stack_chk_fail.str1.1
                0x0000000000013531       0x2e /tmp/cc9S8hn6.ltrans0.ltrans.o
 .rodata.mHexStr
                0x000000000001355f       0x10 /tmp/cc9S8hn6.ltrans0.ltrans.o
 *fill*         0x000000000001356f        0x1 
 .rodata.mResetTypeStr
                0x0000000000013570       0x20 /tmp/cc9S8hn6.ltrans0.ltrans.o
 .rodata.mStatusString
                0x0000000000013590      0x138 /tmp/cc9S8hn6.ltrans0.ltrans.o
 .rodata.str1.1
                0x00000000000136c8      0x224 /tmp/cc9S8hn6.ltrans0.ltrans.o
                                        0x235 (size before relaxing)
 .rodata.str2.2
                0x00000000000138ec       0x48 /tmp/cc9S8hn6.ltrans0.ltrans.o
 *(.got .got.*)
 *fill*         0x0000000000013934        0x4 
 .got           0x0000000000013938        0x8 /mnt/d/TARGET/edk2sdm/edk2/ArmPkg/Library/GccLto/liblto-aarch64.a
                0x0000000000013938                _GLOBAL_OFFSET_TABLE_
 .got.plt       0x0000000000013940       0x18 /mnt/d/TARGET/edk2sdm/edk2/ArmPkg/Library/GccLto/liblto-aarch64.a
 *:AutoGen.obj(.data.g*Guid)

.plt            0x0000000000013958        0x0
 .plt           0x0000000000013958        0x0 /mnt/d/TARGET/edk2sdm/edk2/ArmPkg/Library/GccLto/liblto-aarch64.a

.data           0x0000000000020000      0x4a8
 *(.data .data.* .gnu.linkonce.d.*)
 .data.rel.ro   0x0000000000020000        0x0 /mnt/d/TARGET/edk2sdm/edk2/ArmPkg/Library/GccLto/liblto-aarch64.a
 .data.__stack_chk_guard
                0x0000000000020000        0x8 /tmp/cc9S8hn6.ltrans0.ltrans.o
                0x0000000000020000                __stack_chk_guard
 .data.font5x12
                0x0000000000020008      0x300 /tmp/cc9S8hn6.ltrans0.ltrans.o
 .data.gEdkiiPlatformSpecificResetFilterProtocolGuid
                0x0000000000020308       0x10 /tmp/cc9S8hn6.ltrans0.ltrans.o
 .data.gEdkiiPlatformSpecificResetHandlerProtocolGuid
                0x0000000000020318       0x10 /tmp/cc9S8hn6.ltrans0.ltrans.o
 .data.gEfiEventExitBootServicesGuid
                0x0000000000020328       0x10 /tmp/cc9S8hn6.ltrans0.ltrans.o
 .data.gEfiEventVirtualAddressChangeGuid
                0x0000000000020338       0x10 /tmp/cc9S8hn6.ltrans0.ltrans.o
 .data.gEfiHobListGuid
                0x0000000000020348       0x10 /tmp/cc9S8hn6.ltrans0.ltrans.o
 .data.gEfiResetArchProtocolGuid
                0x0000000000020358       0x10 /tmp/cc9S8hn6.ltrans0.ltrans.o
 .data.gEfiResetNotificationProtocolGuid
                0x0000000000020368       0x10 /tmp/cc9S8hn6.ltrans0.ltrans.o
 .data.gEfiStatusCodeRuntimeProtocolGuid
                0x0000000000020378       0x10 /tmp/cc9S8hn6.ltrans0.ltrans.o
 .data.mPlatformSpecificResetFilter
                0x0000000000020388       0x28 /tmp/cc9S8hn6.ltrans0.ltrans.o
 .data.mPlatformSpecificResetHandler
                0x00000000000203b0       0x28 /tmp/cc9S8hn6.ltrans0.ltrans.o
 .data.mResetNotification
                0x00000000000203d8       0x28 /tmp/cc9S8hn6.ltrans0.ltrans.o
 *(.bss .bss.*)
 .bss.gBS       0x0000000000020400        0x8 /tmp/cc9S8hn6.ltrans0.ltrans.o
 .bss.gImageHandle
                0x0000000000020408        0x8 /tmp/cc9S8hn6.ltrans0.ltrans.o
 .bss.gRT       0x0000000000020410        0x8 /tmp/cc9S8hn6.ltrans0.ltrans.o
 .bss.gST       0x0000000000020418        0x8 /tmp/cc9S8hn6.ltrans0.ltrans.o
 .bss.mEfiAtRuntime
                0x0000000000020420        0x1 /tmp/cc9S8hn6.ltrans0.ltrans.o
 *fill*         0x0000000000020421        0x7 
 .bss.mEfiExitBootServicesEvent
                0x0000000000020428        0x8 /tmp/cc9S8hn6.ltrans0.ltrans.o
 .bss.mEfiVirtualNotifyEvent
                0x0000000000020430        0x8 /tmp/cc9S8hn6.ltrans0.ltrans.o
 .bss.mHaveExitedBootServices
                0x0000000000020438        0x1 /tmp/cc9S8hn6.ltrans0.ltrans.o
 *fill*         0x0000000000020439        0x7 
 .bss.mHobList  0x0000000000020440        0x8 /tmp/cc9S8hn6.ltrans0.ltrans.o
 .bss.mInternalRT
                0x0000000000020448        0x8 /tmp/cc9S8hn6.ltrans0.ltrans.o
 .bss.mReportStatusCodeLibExitBootServicesEvent
                0x0000000000020450        0x8 /tmp/cc9S8hn6.ltrans0.ltrans.o
 .bss.mReportStatusCodeLibStatusCodeProtocol
                0x0000000000020458        0x8 /tmp/cc9S8hn6.ltrans0.ltrans.o
 .bss.mReportStatusCodeLibVirtualAddressChangeEvent
                0x0000000000020460        0x8 /tmp/cc9S8hn6.ltrans0.ltrans.o
 .bss.mResetNotifyDepth
                0x0000000000020468        0x8 /tmp/cc9S8hn6.ltrans0.ltrans.o
 .bss.m_Color   0x0000000000020470       0x10 /tmp/cc9S8hn6.ltrans0.ltrans.o
 .bss.m_Initialized
                0x0000000000020480        0x1 /tmp/cc9S8hn6.ltrans0.ltrans.o
 *fill*         0x0000000000020481        0x7 
 .bss.m_MaxPosition
                0x0000000000020488       0x10 /tmp/cc9S8hn6.ltrans0.ltrans.o
 .bss.m_Position
                0x0000000000020498       0x10 /tmp/cc9S8hn6.ltrans0.ltrans.o

.dynbss         0x00000000000204a8        0x0
 .dynbss        0x00000000000204a8        0x0 /mnt/d/TARGET/edk2sdm/edk2/ArmPkg/Library/GccLto/liblto-aarch64.a

.eh_frame
 *(.eh_frame)

.rela           0x00000000000204a8      0x528
 *(.rela .rela.*)
 .rela.got      0x00000000000204a8        0x0 /mnt/d/TARGET/edk2sdm/edk2/ArmPkg/Library/GccLto/liblto-aarch64.a
 .rela.plt      0x00000000000204a8        0x0 /mnt/d/TARGET/edk2sdm/edk2/ArmPkg/Library/GccLto/liblto-aarch64.a
 .rela.bss      0x00000000000204a8        0x0 /mnt/d/TARGET/edk2sdm/edk2/ArmPkg/Library/GccLto/liblto-aarch64.a
 .rela.data.rel.ro
                0x00000000000204a8        0x0 /mnt/d/TARGET/edk2sdm/edk2/ArmPkg/Library/GccLto/liblto-aarch64.a
 .rela.ifunc    0x00000000000204a8        0x0 /mnt/d/TARGET/edk2sdm/edk2/ArmPkg/Library/GccLto/liblto-aarch64.a
 .rela.data.mPlatformSpecificResetFilter
                0x00000000000204a8       0x60 /mnt/d/TARGET/edk2sdm/edk2/ArmPkg/Library/GccLto/liblto-aarch64.a
 .rela.data.mPlatformSpecificResetHandler
                0x0000000000020508       0x60 /mnt/d/TARGET/edk2sdm/edk2/ArmPkg/Library/GccLto/liblto-aarch64.a
 .rela.data.mResetNotification
                0x0000000000020568       0x60 /mnt/d/TARGET/edk2sdm/edk2/ArmPkg/Library/GccLto/liblto-aarch64.a
 .rela.rodata.mResetTypeStr
                0x00000000000205c8       0x60 /mnt/d/TARGET/edk2sdm/edk2/ArmPkg/Library/GccLto/liblto-aarch64.a
 .rela.rodata.mStatusString
                0x0000000000020628      0x3a8 /mnt/d/TARGET/edk2sdm/edk2/ArmPkg/Library/GccLto/liblto-aarch64.a

.hii
 *(.hii)

.build-id       0x00000000000209d0       0x24
 *(.note.gnu.build-id)
 .note.gnu.build-id
                0x00000000000209d0       0x24 /mnt/d/TARGET/edk2sdm/edk2/ArmPkg/Library/GccLto/liblto-aarch64.a

/DISCARD/
 *(.note.GNU-stack)
 *(.gnu_debuglink)
 *(.interp)
 *(.dynsym)
 *(.dynstr)
 *(.dynamic)
 *(.hash .gnu.hash)
 *(.comment)
 *(COMMON)
                0x0000000000000228                PECOFF_HEADER_SIZE = 0x228
OUTPUT(/mnt/d/TARGET/edk2sdm/workspace/Build/XiaomiMI6Pkg/DEBUG_GCC5/AARCH64/MdeModulePkg/Universal/ResetSystemRuntimeDxe/ResetSystemRuntimeDxe/DEBUG/ResetSystemRuntimeDxe.dll elf64-littleaarch64)

.debug_info     0x0000000000000000     0x604d
 .debug_info    0x0000000000000000     0x604d /tmp/cc9S8hn6.ltrans0.ltrans.o

.debug_abbrev   0x0000000000000000      0x60b
 .debug_abbrev  0x0000000000000000      0x60b /tmp/cc9S8hn6.ltrans0.ltrans.o

.debug_loc      0x0000000000000000     0x4cf0
 .debug_loc     0x0000000000000000     0x4cf0 /tmp/cc9S8hn6.ltrans0.ltrans.o

.debug_aranges  0x0000000000000000      0x2d0
 .debug_aranges
                0x0000000000000000      0x2d0 /tmp/cc9S8hn6.ltrans0.ltrans.o

.debug_ranges   0x0000000000000000      0x860
 .debug_ranges  0x0000000000000000      0x860 /tmp/cc9S8hn6.ltrans0.ltrans.o

.debug_line     0x0000000000000000     0x1567
 .debug_line    0x0000000000000000     0x1567 /tmp/cc9S8hn6.ltrans0.ltrans.o

.debug_str      0x0000000000000000     0x2310
 .debug_str     0x0000000000000000     0x2310 /tmp/cc9S8hn6.ltrans0.ltrans.o
                                       0x25f5 (size before relaxing)

.debug_frame    0x0000000000000000      0x820
 .debug_frame   0x0000000000000000      0x820 /tmp/cc9S8hn6.ltrans0.ltrans.o
