Archive member included to satisfy reference by file (symbol)

/mnt/d/TARGET/edk2sdm/workspace/Build/XiaomiMI6Pkg/DEBUG_GCC5/AARCH64/ArmPkg/Library/CompilerIntrinsicsLib/CompilerIntrinsicsLib/OUTPUT/CompilerIntrinsicsLib.lib(memcpy.obj)
                              /mnt/d/TARGET/edk2sdm/edk2/ArmPkg/Library/GccLto/liblto-aarch64.a (memcpy)
/mnt/d/TARGET/edk2sdm/workspace/Build/XiaomiMI6Pkg/DEBUG_GCC5/AARCH64/ArmPkg/Library/CompilerIntrinsicsLib/CompilerIntrinsicsLib/OUTPUT/CompilerIntrinsicsLib.lib(memset.obj)
                              /mnt/d/TARGET/edk2sdm/edk2/ArmPkg/Library/GccLto/liblto-aarch64.a (memset)
/mnt/d/TARGET/edk2sdm/workspace/Build/XiaomiMI6Pkg/DEBUG_GCC5/AARCH64/MdePkg/Library/UefiDriverEntryPoint/UefiDriverEntryPoint/OUTPUT/UefiDriverEntryPoint.lib(DriverEntryPoint.obj)
                              (_ModuleEntryPoint)
/mnt/d/TARGET/edk2sdm/workspace/Build/XiaomiMI6Pkg/DEBUG_GCC5/AARCH64/MdePkg/Library/BaseStackCheckLib/BaseStackCheckLib/OUTPUT/BaseStackCheckLib.lib(BaseStackCheckGcc.obj)
                              /mnt/d/TARGET/edk2sdm/edk2/ArmPkg/Library/GccLto/liblto-aarch64.a (__stack_chk_fail)
/mnt/d/TARGET/edk2sdm/workspace/Build/XiaomiMI6Pkg/DEBUG_GCC5/AARCH64/XiaomiMI6Pkg/XiaomiMI6Dxe/XiaomiMI6Dxe/OUTPUT/XiaomiMI6Dxe.lib(AutoGen.obj)
                              DriverEntryPoint.obj (symbol from plugin) (ProcessLibraryConstructorList)
/mnt/d/TARGET/edk2sdm/workspace/Build/XiaomiMI6Pkg/DEBUG_GCC5/AARCH64/XiaomiMI6Pkg/XiaomiMI6Dxe/XiaomiMI6Dxe/OUTPUT/XiaomiMI6Dxe.lib(XiaomiMI6Dxe.obj)
                              AutoGen.obj (symbol from plugin) (XiaomiMI6EntryPoint)
/mnt/d/TARGET/edk2sdm/workspace/Build/XiaomiMI6Pkg/DEBUG_GCC5/AARCH64/MdePkg/Library/BaseLib/BaseLib/OUTPUT/BaseLib.lib(CpuDeadLoop.obj)
                              BaseStackCheckGcc.obj (symbol from plugin) (CpuDeadLoop)
/mnt/d/TARGET/edk2sdm/workspace/Build/XiaomiMI6Pkg/DEBUG_GCC5/AARCH64/MdePkg/Library/BaseLib/BaseLib/OUTPUT/BaseLib.lib(CpuBreakpoint.obj)
                              BaseStackCheckGcc.obj (symbol from plugin) (CpuBreakpoint)
/mnt/d/TARGET/edk2sdm/workspace/Build/XiaomiMI6Pkg/DEBUG_GCC5/AARCH64/MdePkg/Library/BaseDebugLibSerialPort/BaseDebugLibSerialPort/OUTPUT/BaseDebugLibSerialPort.lib(DebugLib.obj)
                              AutoGen.obj (symbol from plugin) (BaseDebugLibSerialPortConstructor)
/mnt/d/TARGET/edk2sdm/workspace/Build/XiaomiMI6Pkg/DEBUG_GCC5/AARCH64/MdePkg/Library/UefiBootServicesTableLib/UefiBootServicesTableLib/OUTPUT/UefiBootServicesTableLib.lib(UefiBootServicesTableLib.obj)
                              AutoGen.obj (symbol from plugin) (UefiBootServicesTableLibConstructor)
/mnt/d/TARGET/edk2sdm/workspace/Build/XiaomiMI6Pkg/DEBUG_GCC5/AARCH64/MdePkg/Library/UefiRuntimeServicesTableLib/UefiRuntimeServicesTableLib/OUTPUT/UefiRuntimeServicesTableLib.lib(UefiRuntimeServicesTableLib.obj)
                              AutoGen.obj (symbol from plugin) (UefiRuntimeServicesTableLibConstructor)
/mnt/d/TARGET/edk2sdm/workspace/Build/XiaomiMI6Pkg/DEBUG_GCC5/AARCH64/MdePkg/Library/UefiLib/UefiLib/OUTPUT/UefiLib.lib(UefiLib.obj)
                              AutoGen.obj (symbol from plugin) (UefiLibConstructor)
/mnt/d/TARGET/edk2sdm/workspace/Build/XiaomiMI6Pkg/DEBUG_GCC5/AARCH64/MdePkg/Library/DxeHobLib/DxeHobLib/OUTPUT/DxeHobLib.lib(HobLib.obj)
                              AutoGen.obj (symbol from plugin) (HobLibConstructor)
/mnt/d/TARGET/edk2sdm/workspace/Build/XiaomiMI6Pkg/DEBUG_GCC5/AARCH64/MdePkg/Library/DxeServicesTableLib/DxeServicesTableLib/OUTPUT/DxeServicesTableLib.lib(DxeServicesTableLib.obj)
                              AutoGen.obj (symbol from plugin) (DxeServicesTableLibConstructor)
/mnt/d/TARGET/edk2sdm/workspace/Build/XiaomiMI6Pkg/DEBUG_GCC5/AARCH64/ArmPkg/Library/ArmArchTimerLib/ArmArchTimerLib/OUTPUT/ArmArchTimerLib.lib(ArmArchTimerLib.obj)
                              AutoGen.obj (symbol from plugin) (TimerConstructor)
/mnt/d/TARGET/edk2sdm/workspace/Build/XiaomiMI6Pkg/DEBUG_GCC5/AARCH64/MdePkg/Library/BaseLib/BaseLib/OUTPUT/BaseLib.lib(MultU64x64.obj)
                              ArmArchTimerLib.obj (symbol from plugin) (MultU64x64)
/mnt/d/TARGET/edk2sdm/workspace/Build/XiaomiMI6Pkg/DEBUG_GCC5/AARCH64/MdePkg/Library/BaseLib/BaseLib/OUTPUT/BaseLib.lib(DivU64x32Remainder.obj)
                              ArmArchTimerLib.obj (symbol from plugin) (DivU64x32Remainder)
/mnt/d/TARGET/edk2sdm/workspace/Build/XiaomiMI6Pkg/DEBUG_GCC5/AARCH64/MdePkg/Library/BaseLib/BaseLib/OUTPUT/BaseLib.lib(DivU64x32.obj)
                              ArmArchTimerLib.obj (symbol from plugin) (DivU64x32)
/mnt/d/TARGET/edk2sdm/workspace/Build/XiaomiMI6Pkg/DEBUG_GCC5/AARCH64/MdePkg/Library/BaseLib/BaseLib/OUTPUT/BaseLib.lib(String.obj)
                              UefiLib.obj (symbol from plugin) (StrSize)
/mnt/d/TARGET/edk2sdm/workspace/Build/XiaomiMI6Pkg/DEBUG_GCC5/AARCH64/MdePkg/Library/BaseLib/BaseLib/OUTPUT/BaseLib.lib(Unaligned.obj)
                              UefiLib.obj (symbol from plugin) (ReadUnaligned24)
/mnt/d/TARGET/edk2sdm/workspace/Build/XiaomiMI6Pkg/DEBUG_GCC5/AARCH64/MdePkg/Library/BaseLib/BaseLib/OUTPUT/BaseLib.lib(Math64.obj)
                              MultU64x64.obj (symbol from plugin) (InternalMathMultU64x64)
/mnt/d/TARGET/edk2sdm/workspace/Build/XiaomiMI6Pkg/DEBUG_GCC5/AARCH64/MdePkg/Library/BaseLib/BaseLib/OUTPUT/BaseLib.lib(SwapBytes32.obj)
                              Math64.obj (symbol from plugin) (SwapBytes32)
/mnt/d/TARGET/edk2sdm/workspace/Build/XiaomiMI6Pkg/DEBUG_GCC5/AARCH64/MdePkg/Library/BaseLib/BaseLib/OUTPUT/BaseLib.lib(SwapBytes16.obj)
                              SwapBytes32.obj (symbol from plugin) (SwapBytes16)
/mnt/d/TARGET/edk2sdm/workspace/Build/XiaomiMI6Pkg/DEBUG_GCC5/AARCH64/MdePkg/Library/BaseLib/BaseLib/OUTPUT/BaseLib.lib(RShiftU64.obj)
                              Unaligned.obj (symbol from plugin) (RShiftU64)
/mnt/d/TARGET/edk2sdm/workspace/Build/XiaomiMI6Pkg/DEBUG_GCC5/AARCH64/MdePkg/Library/BaseLib/BaseLib/OUTPUT/BaseLib.lib(LShiftU64.obj)
                              Unaligned.obj (symbol from plugin) (LShiftU64)
/mnt/d/TARGET/edk2sdm/workspace/Build/XiaomiMI6Pkg/DEBUG_GCC5/AARCH64/MdePkg/Library/BaseLib/BaseLib/OUTPUT/BaseLib.lib(SafeString.obj)
                              String.obj (symbol from plugin) (StrDecimalToUintnS)
/mnt/d/TARGET/edk2sdm/workspace/Build/XiaomiMI6Pkg/DEBUG_GCC5/AARCH64/MdePkg/Library/BaseLib/BaseLib/OUTPUT/BaseLib.lib(MultU64x32.obj)
                              SafeString.obj (symbol from plugin) (MultU64x32)
/mnt/d/TARGET/edk2sdm/workspace/Build/XiaomiMI6Pkg/DEBUG_GCC5/AARCH64/MdePkg/Library/BaseMemoryLibOptDxe/BaseMemoryLibOptDxe/OUTPUT/BaseMemoryLibOptDxe.lib(MemLibGuid.obj)
                              SafeString.obj (symbol from plugin) (CopyGuid)
/mnt/d/TARGET/edk2sdm/workspace/Build/XiaomiMI6Pkg/DEBUG_GCC5/AARCH64/MdePkg/Library/BaseMemoryLibOptDxe/BaseMemoryLibOptDxe/OUTPUT/BaseMemoryLibOptDxe.lib(ZeroMemWrapper.obj)
                              UefiLib.obj (symbol from plugin) (ZeroMem)
/mnt/d/TARGET/edk2sdm/workspace/Build/XiaomiMI6Pkg/DEBUG_GCC5/AARCH64/MdePkg/Library/BaseMemoryLibOptDxe/BaseMemoryLibOptDxe/OUTPUT/BaseMemoryLibOptDxe.lib(SetMemWrapper.obj)
                              DebugLib.obj (symbol from plugin) (SetMem)
/mnt/d/TARGET/edk2sdm/workspace/Build/XiaomiMI6Pkg/DEBUG_GCC5/AARCH64/MdePkg/Library/BaseMemoryLibOptDxe/BaseMemoryLibOptDxe/OUTPUT/BaseMemoryLibOptDxe.lib(CopyMemWrapper.obj)
                              UefiLib.obj (symbol from plugin) (CopyMem)
/mnt/d/TARGET/edk2sdm/workspace/Build/XiaomiMI6Pkg/DEBUG_GCC5/AARCH64/MdePkg/Library/BaseMemoryLibOptDxe/BaseMemoryLibOptDxe/OUTPUT/BaseMemoryLibOptDxe.lib(SetMem.obj)
                              ZeroMemWrapper.obj (symbol from plugin) (InternalMemZeroMem)
/mnt/d/TARGET/edk2sdm/workspace/Build/XiaomiMI6Pkg/DEBUG_GCC5/AARCH64/MdePkg/Library/BaseMemoryLibOptDxe/BaseMemoryLibOptDxe/OUTPUT/BaseMemoryLibOptDxe.lib(CopyMem.obj)
                              MemLibGuid.obj (symbol from plugin) (InternalMemCopyMem)
/mnt/d/TARGET/edk2sdm/workspace/Build/XiaomiMI6Pkg/DEBUG_GCC5/AARCH64/MdePkg/Library/BaseMemoryLibOptDxe/BaseMemoryLibOptDxe/OUTPUT/BaseMemoryLibOptDxe.lib(CompareGuid.obj)
                              MemLibGuid.obj (symbol from plugin) (InternalMemCompareGuid)
/mnt/d/TARGET/edk2sdm/workspace/Build/XiaomiMI6Pkg/DEBUG_GCC5/AARCH64/MdePkg/Library/BaseMemoryLibOptDxe/BaseMemoryLibOptDxe/OUTPUT/BaseMemoryLibOptDxe.lib(SetMem64Wrapper.obj)
                              SetMemWrapper.obj (symbol from plugin) (SetMem64)
/mnt/d/TARGET/edk2sdm/workspace/Build/XiaomiMI6Pkg/DEBUG_GCC5/AARCH64/ArmPkg/Library/ArmLib/ArmBaseLib/OUTPUT/ArmBaseLib.lib(AArch64Support.obj)
                              ArmArchTimerLib.obj (symbol from plugin) (ArmIsArchTimerImplemented)
/mnt/d/TARGET/edk2sdm/workspace/Build/XiaomiMI6Pkg/DEBUG_GCC5/AARCH64/MdePkg/Library/BaseDebugPrintErrorLevelLib/BaseDebugPrintErrorLevelLib/OUTPUT/BaseDebugPrintErrorLevelLib.lib(BaseDebugPrintErrorLevelLib.obj)
                              DebugLib.obj (symbol from plugin) (GetDebugPrintErrorLevel)
/mnt/d/TARGET/edk2sdm/workspace/Build/XiaomiMI6Pkg/DEBUG_GCC5/AARCH64/MdePkg/Library/BasePrintLib/BasePrintLib/OUTPUT/BasePrintLib.lib(PrintLib.obj)
                              DebugLib.obj (symbol from plugin) (AsciiVSPrint)
/mnt/d/TARGET/edk2sdm/workspace/Build/XiaomiMI6Pkg/DEBUG_GCC5/AARCH64/MdePkg/Library/BasePrintLib/BasePrintLib/OUTPUT/BasePrintLib.lib(PrintLibInternal.obj)
                              PrintLib.obj (symbol from plugin) (BasePrintLibConvertValueToString)
/mnt/d/TARGET/edk2sdm/workspace/Build/XiaomiMI6Pkg/DEBUG_GCC5/AARCH64/XiaomiMI6Pkg/Library/FrameBufferSerialPortLib/FrameBufferSerialPortLib/OUTPUT/FrameBufferSerialPortLib.lib(FrameBufferSerialPortLib.obj)
                              DebugLib.obj (symbol from plugin) (SerialPortInitialize)
/mnt/d/TARGET/edk2sdm/workspace/Build/XiaomiMI6Pkg/DEBUG_GCC5/AARCH64/MdePkg/Library/UefiMemoryAllocationLib/UefiMemoryAllocationLib/OUTPUT/UefiMemoryAllocationLib.lib(MemoryAllocationLib.obj)
                              UefiLib.obj (symbol from plugin) (AllocatePool)
/mnt/d/TARGET/edk2sdm/workspace/Build/XiaomiMI6Pkg/DEBUG_GCC5/AARCH64/MdePkg/Library/UefiDevicePathLib/UefiDevicePathLib/OUTPUT/UefiDevicePathLib.lib(DevicePathUtilities.obj)
                              UefiLib.obj (symbol from plugin) (DevicePathType)
/mnt/d/TARGET/edk2sdm/workspace/Build/XiaomiMI6Pkg/DEBUG_GCC5/AARCH64/MdePkg/Library/UefiDevicePathLib/UefiDevicePathLib/OUTPUT/UefiDevicePathLib.lib(UefiDevicePathLib.obj)
                              DevicePathUtilities.obj (symbol from plugin) (GetDevicePathSize)
/mnt/d/TARGET/edk2sdm/workspace/Build/XiaomiMI6Pkg/DEBUG_GCC5/AARCH64/MdePkg/Library/UefiDevicePathLib/UefiDevicePathLib/OUTPUT/UefiDevicePathLib.lib(DevicePathToText.obj)
                              UefiDevicePathLib.obj (symbol from plugin) (UefiDevicePathLibConvertDeviceNodeToText)
/mnt/d/TARGET/edk2sdm/workspace/Build/XiaomiMI6Pkg/DEBUG_GCC5/AARCH64/MdePkg/Library/UefiDevicePathLib/UefiDevicePathLib/OUTPUT/UefiDevicePathLib.lib(DevicePathFromText.obj)
                              UefiDevicePathLib.obj (symbol from plugin) (UefiDevicePathLibConvertTextToDeviceNode)
/mnt/d/TARGET/edk2sdm/workspace/Build/XiaomiMI6Pkg/DEBUG_GCC5/AARCH64/ArmPkg/Library/ArmGenericTimerPhyCounterLib/ArmGenericTimerPhyCounterLib/OUTPUT/ArmGenericTimerPhyCounterLib.lib(ArmGenericTimerPhyCounterLib.obj)
                              ArmArchTimerLib.obj (symbol from plugin) (ArmGenericTimerGetTimerFreq)
/mnt/d/TARGET/edk2sdm/workspace/Build/XiaomiMI6Pkg/DEBUG_GCC5/AARCH64/MdePkg/Library/BaseLib/BaseLib/OUTPUT/BaseLib.lib(SwapBytes64.obj)
                              DevicePathFromText.obj (symbol from plugin) (SwapBytes64)
/mnt/d/TARGET/edk2sdm/workspace/Build/XiaomiMI6Pkg/DEBUG_GCC5/AARCH64/ArmPkg/Library/ArmLib/ArmBaseLib/OUTPUT/ArmBaseLib.lib(ArmLibSupport.obj)
                              FrameBufferSerialPortLib.obj (symbol from plugin) (ArmGetInterruptState)
/mnt/d/TARGET/edk2sdm/workspace/Build/XiaomiMI6Pkg/DEBUG_GCC5/AARCH64/ArmPkg/Library/ArmLib/ArmBaseLib/OUTPUT/ArmBaseLib.lib(ArmLibSupportV8.obj)
                              FrameBufferSerialPortLib.obj (symbol from plugin) (ArmEnableInterrupts)
/mnt/d/TARGET/edk2sdm/workspace/Build/XiaomiMI6Pkg/DEBUG_GCC5/AARCH64/ArmPkg/Library/ArmLib/ArmBaseLib/OUTPUT/ArmBaseLib.lib(AArch64ArchTimerSupport.obj)
                              ArmGenericTimerPhyCounterLib.obj (symbol from plugin) (ArmReadCntFrq)
/mnt/d/TARGET/edk2sdm/workspace/Build/XiaomiMI6Pkg/DEBUG_GCC5/AARCH64/ArmPkg/Library/ArmCacheMaintenanceLib/ArmCacheMaintenanceLib/OUTPUT/ArmCacheMaintenanceLib.lib(ArmCacheMaintenanceLib.obj)
                              FrameBufferSerialPortLib.obj (symbol from plugin) (WriteBackInvalidateDataCacheRange)
/mnt/d/TARGET/edk2sdm/workspace/Build/XiaomiMI6Pkg/DEBUG_GCC5/AARCH64/ArmPkg/Library/ArmLib/ArmBaseLib/OUTPUT/ArmBaseLib.lib(ArmLib.obj)
                              ArmCacheMaintenanceLib.obj (symbol from plugin) (ArmDataCacheLineLength)

Discarded input sections

 .text          0x0000000000000000       0x10 /mnt/d/TARGET/edk2sdm/edk2/ArmPkg/Library/GccLto/liblto-aarch64.a
 .data          0x0000000000000000        0x0 /mnt/d/TARGET/edk2sdm/edk2/ArmPkg/Library/GccLto/liblto-aarch64.a
 .bss           0x0000000000000000        0x0 /mnt/d/TARGET/edk2sdm/edk2/ArmPkg/Library/GccLto/liblto-aarch64.a
 .text          0x0000000000000000        0x0 /tmp/ccHQHr4V.ltrans0.ltrans.o
 .data          0x0000000000000000        0x0 /tmp/ccHQHr4V.ltrans0.ltrans.o
 .bss           0x0000000000000000        0x0 /tmp/ccHQHr4V.ltrans0.ltrans.o
 .text._DriverUnloadHandler
                0x0000000000000000        0x8 /tmp/ccHQHr4V.ltrans0.ltrans.o
 .text.StrnLenS
                0x0000000000000000       0x7c /tmp/ccHQHr4V.ltrans0.ltrans.o
 .text.__memset
                0x0000000000000000       0x1c /tmp/ccHQHr4V.ltrans0.ltrans.o
 .rodata.StrnLenS.str1.1
                0x0000000000000000       0x62 /tmp/ccHQHr4V.ltrans0.ltrans.o
 .comment       0x0000000000000000       0x31 /tmp/ccHQHr4V.ltrans0.ltrans.o
 .note.GNU-stack
                0x0000000000000000        0x0 /tmp/ccHQHr4V.ltrans0.ltrans.o
 .text          0x0000000000000000        0x8 /mnt/d/TARGET/edk2sdm/workspace/Build/XiaomiMI6Pkg/DEBUG_GCC5/AARCH64/MdePkg/Library/BaseLib/BaseLib/OUTPUT/BaseLib.lib(CpuBreakpoint.obj)
 .data          0x0000000000000000        0x0 /mnt/d/TARGET/edk2sdm/workspace/Build/XiaomiMI6Pkg/DEBUG_GCC5/AARCH64/MdePkg/Library/BaseLib/BaseLib/OUTPUT/BaseLib.lib(CpuBreakpoint.obj)
 .bss           0x0000000000000000        0x0 /mnt/d/TARGET/edk2sdm/workspace/Build/XiaomiMI6Pkg/DEBUG_GCC5/AARCH64/MdePkg/Library/BaseLib/BaseLib/OUTPUT/BaseLib.lib(CpuBreakpoint.obj)
 .text          0x0000000000000000      0x200 /mnt/d/TARGET/edk2sdm/workspace/Build/XiaomiMI6Pkg/DEBUG_GCC5/AARCH64/MdePkg/Library/BaseMemoryLibOptDxe/BaseMemoryLibOptDxe/OUTPUT/BaseMemoryLibOptDxe.lib(SetMem.obj)
 .data          0x0000000000000000        0x0 /mnt/d/TARGET/edk2sdm/workspace/Build/XiaomiMI6Pkg/DEBUG_GCC5/AARCH64/MdePkg/Library/BaseMemoryLibOptDxe/BaseMemoryLibOptDxe/OUTPUT/BaseMemoryLibOptDxe.lib(SetMem.obj)
 .bss           0x0000000000000000        0x0 /mnt/d/TARGET/edk2sdm/workspace/Build/XiaomiMI6Pkg/DEBUG_GCC5/AARCH64/MdePkg/Library/BaseMemoryLibOptDxe/BaseMemoryLibOptDxe/OUTPUT/BaseMemoryLibOptDxe.lib(SetMem.obj)
 .text          0x0000000000000000      0x218 /mnt/d/TARGET/edk2sdm/workspace/Build/XiaomiMI6Pkg/DEBUG_GCC5/AARCH64/MdePkg/Library/BaseMemoryLibOptDxe/BaseMemoryLibOptDxe/OUTPUT/BaseMemoryLibOptDxe.lib(CopyMem.obj)
 .data          0x0000000000000000        0x0 /mnt/d/TARGET/edk2sdm/workspace/Build/XiaomiMI6Pkg/DEBUG_GCC5/AARCH64/MdePkg/Library/BaseMemoryLibOptDxe/BaseMemoryLibOptDxe/OUTPUT/BaseMemoryLibOptDxe.lib(CopyMem.obj)
 .bss           0x0000000000000000        0x0 /mnt/d/TARGET/edk2sdm/workspace/Build/XiaomiMI6Pkg/DEBUG_GCC5/AARCH64/MdePkg/Library/BaseMemoryLibOptDxe/BaseMemoryLibOptDxe/OUTPUT/BaseMemoryLibOptDxe.lib(CopyMem.obj)
 .data          0x0000000000000000        0x0 /mnt/d/TARGET/edk2sdm/workspace/Build/XiaomiMI6Pkg/DEBUG_GCC5/AARCH64/MdePkg/Library/BaseMemoryLibOptDxe/BaseMemoryLibOptDxe/OUTPUT/BaseMemoryLibOptDxe.lib(CompareGuid.obj)
 .bss           0x0000000000000000        0x0 /mnt/d/TARGET/edk2sdm/workspace/Build/XiaomiMI6Pkg/DEBUG_GCC5/AARCH64/MdePkg/Library/BaseMemoryLibOptDxe/BaseMemoryLibOptDxe/OUTPUT/BaseMemoryLibOptDxe.lib(CompareGuid.obj)
 .text          0x0000000000000000        0x0 /mnt/d/TARGET/edk2sdm/workspace/Build/XiaomiMI6Pkg/DEBUG_GCC5/AARCH64/ArmPkg/Library/ArmLib/ArmBaseLib/OUTPUT/ArmBaseLib.lib(AArch64Support.obj)
 .data          0x0000000000000000        0x0 /mnt/d/TARGET/edk2sdm/workspace/Build/XiaomiMI6Pkg/DEBUG_GCC5/AARCH64/ArmPkg/Library/ArmLib/ArmBaseLib/OUTPUT/ArmBaseLib.lib(AArch64Support.obj)
 .bss           0x0000000000000000        0x0 /mnt/d/TARGET/edk2sdm/workspace/Build/XiaomiMI6Pkg/DEBUG_GCC5/AARCH64/ArmPkg/Library/ArmLib/ArmBaseLib/OUTPUT/ArmBaseLib.lib(AArch64Support.obj)
 .text.ArmInvalidateDataCacheEntryByMVA
                0x0000000000000000        0x8 /mnt/d/TARGET/edk2sdm/workspace/Build/XiaomiMI6Pkg/DEBUG_GCC5/AARCH64/ArmPkg/Library/ArmLib/ArmBaseLib/OUTPUT/ArmBaseLib.lib(AArch64Support.obj)
 .text.ArmCleanDataCacheEntryByMVA
                0x0000000000000000        0x8 /mnt/d/TARGET/edk2sdm/workspace/Build/XiaomiMI6Pkg/DEBUG_GCC5/AARCH64/ArmPkg/Library/ArmLib/ArmBaseLib/OUTPUT/ArmBaseLib.lib(AArch64Support.obj)
 .text.ArmCleanDataCacheEntryToPoUByMVA
                0x0000000000000000        0x8 /mnt/d/TARGET/edk2sdm/workspace/Build/XiaomiMI6Pkg/DEBUG_GCC5/AARCH64/ArmPkg/Library/ArmLib/ArmBaseLib/OUTPUT/ArmBaseLib.lib(AArch64Support.obj)
 .text.ArmInvalidateInstructionCacheEntryToPoUByMVA
                0x0000000000000000        0x8 /mnt/d/TARGET/edk2sdm/workspace/Build/XiaomiMI6Pkg/DEBUG_GCC5/AARCH64/ArmPkg/Library/ArmLib/ArmBaseLib/OUTPUT/ArmBaseLib.lib(AArch64Support.obj)
 .text.ArmInvalidateDataCacheEntryBySetWay
                0x0000000000000000        0x8 /mnt/d/TARGET/edk2sdm/workspace/Build/XiaomiMI6Pkg/DEBUG_GCC5/AARCH64/ArmPkg/Library/ArmLib/ArmBaseLib/OUTPUT/ArmBaseLib.lib(AArch64Support.obj)
 .text.ArmCleanInvalidateDataCacheEntryBySetWay
                0x0000000000000000        0x8 /mnt/d/TARGET/edk2sdm/workspace/Build/XiaomiMI6Pkg/DEBUG_GCC5/AARCH64/ArmPkg/Library/ArmLib/ArmBaseLib/OUTPUT/ArmBaseLib.lib(AArch64Support.obj)
 .text.ArmCleanDataCacheEntryBySetWay
                0x0000000000000000        0x8 /mnt/d/TARGET/edk2sdm/workspace/Build/XiaomiMI6Pkg/DEBUG_GCC5/AARCH64/ArmPkg/Library/ArmLib/ArmBaseLib/OUTPUT/ArmBaseLib.lib(AArch64Support.obj)
 .text.ArmInvalidateInstructionCache
                0x0000000000000000       0x10 /mnt/d/TARGET/edk2sdm/workspace/Build/XiaomiMI6Pkg/DEBUG_GCC5/AARCH64/ArmPkg/Library/ArmLib/ArmBaseLib/OUTPUT/ArmBaseLib.lib(AArch64Support.obj)
 .text.ArmEnableMmu
                0x0000000000000000       0x88 /mnt/d/TARGET/edk2sdm/workspace/Build/XiaomiMI6Pkg/DEBUG_GCC5/AARCH64/ArmPkg/Library/ArmLib/ArmBaseLib/OUTPUT/ArmBaseLib.lib(AArch64Support.obj)
 .text.ArmDisableMmu
                0x0000000000000000       0x74 /mnt/d/TARGET/edk2sdm/workspace/Build/XiaomiMI6Pkg/DEBUG_GCC5/AARCH64/ArmPkg/Library/ArmLib/ArmBaseLib/OUTPUT/ArmBaseLib.lib(AArch64Support.obj)
 .text.ArmDisableCachesAndMmu
                0x0000000000000000       0x6c /mnt/d/TARGET/edk2sdm/workspace/Build/XiaomiMI6Pkg/DEBUG_GCC5/AARCH64/ArmPkg/Library/ArmLib/ArmBaseLib/OUTPUT/ArmBaseLib.lib(AArch64Support.obj)
 .text.ArmMmuEnabled
                0x0000000000000000       0x34 /mnt/d/TARGET/edk2sdm/workspace/Build/XiaomiMI6Pkg/DEBUG_GCC5/AARCH64/ArmPkg/Library/ArmLib/ArmBaseLib/OUTPUT/ArmBaseLib.lib(AArch64Support.obj)
 .text.ArmEnableDataCache
                0x0000000000000000       0x68 /mnt/d/TARGET/edk2sdm/workspace/Build/XiaomiMI6Pkg/DEBUG_GCC5/AARCH64/ArmPkg/Library/ArmLib/ArmBaseLib/OUTPUT/ArmBaseLib.lib(AArch64Support.obj)
 .text.ArmDisableDataCache
                0x0000000000000000       0x68 /mnt/d/TARGET/edk2sdm/workspace/Build/XiaomiMI6Pkg/DEBUG_GCC5/AARCH64/ArmPkg/Library/ArmLib/ArmBaseLib/OUTPUT/ArmBaseLib.lib(AArch64Support.obj)
 .text.ArmEnableInstructionCache
                0x0000000000000000       0x68 /mnt/d/TARGET/edk2sdm/workspace/Build/XiaomiMI6Pkg/DEBUG_GCC5/AARCH64/ArmPkg/Library/ArmLib/ArmBaseLib/OUTPUT/ArmBaseLib.lib(AArch64Support.obj)
 .text.ArmDisableInstructionCache
                0x0000000000000000       0x68 /mnt/d/TARGET/edk2sdm/workspace/Build/XiaomiMI6Pkg/DEBUG_GCC5/AARCH64/ArmPkg/Library/ArmLib/ArmBaseLib/OUTPUT/ArmBaseLib.lib(AArch64Support.obj)
 .text.ArmEnableAlignmentCheck
                0x0000000000000000       0x58 /mnt/d/TARGET/edk2sdm/workspace/Build/XiaomiMI6Pkg/DEBUG_GCC5/AARCH64/ArmPkg/Library/ArmLib/ArmBaseLib/OUTPUT/ArmBaseLib.lib(AArch64Support.obj)
 .text.ArmDisableAlignmentCheck
                0x0000000000000000       0x68 /mnt/d/TARGET/edk2sdm/workspace/Build/XiaomiMI6Pkg/DEBUG_GCC5/AARCH64/ArmPkg/Library/ArmLib/ArmBaseLib/OUTPUT/ArmBaseLib.lib(AArch64Support.obj)
 .text.ArmEnableStackAlignmentCheck
                0x0000000000000000       0x58 /mnt/d/TARGET/edk2sdm/workspace/Build/XiaomiMI6Pkg/DEBUG_GCC5/AARCH64/ArmPkg/Library/ArmLib/ArmBaseLib/OUTPUT/ArmBaseLib.lib(AArch64Support.obj)
 .text.ArmDisableStackAlignmentCheck
                0x0000000000000000       0x68 /mnt/d/TARGET/edk2sdm/workspace/Build/XiaomiMI6Pkg/DEBUG_GCC5/AARCH64/ArmPkg/Library/ArmLib/ArmBaseLib/OUTPUT/ArmBaseLib.lib(AArch64Support.obj)
 .text.ArmEnableBranchPrediction
                0x0000000000000000        0x4 /mnt/d/TARGET/edk2sdm/workspace/Build/XiaomiMI6Pkg/DEBUG_GCC5/AARCH64/ArmPkg/Library/ArmLib/ArmBaseLib/OUTPUT/ArmBaseLib.lib(AArch64Support.obj)
 .text.ArmDisableBranchPrediction
                0x0000000000000000        0x4 /mnt/d/TARGET/edk2sdm/workspace/Build/XiaomiMI6Pkg/DEBUG_GCC5/AARCH64/ArmPkg/Library/ArmLib/ArmBaseLib/OUTPUT/ArmBaseLib.lib(AArch64Support.obj)
 .text.AArch64AllDataCachesOperation
                0x0000000000000000       0xa8 /mnt/d/TARGET/edk2sdm/workspace/Build/XiaomiMI6Pkg/DEBUG_GCC5/AARCH64/ArmPkg/Library/ArmLib/ArmBaseLib/OUTPUT/ArmBaseLib.lib(AArch64Support.obj)
 .text.ArmDataMemoryBarrier
                0x0000000000000000        0x8 /mnt/d/TARGET/edk2sdm/workspace/Build/XiaomiMI6Pkg/DEBUG_GCC5/AARCH64/ArmPkg/Library/ArmLib/ArmBaseLib/OUTPUT/ArmBaseLib.lib(AArch64Support.obj)
 .text.ArmInstructionSynchronizationBarrier
                0x0000000000000000        0x8 /mnt/d/TARGET/edk2sdm/workspace/Build/XiaomiMI6Pkg/DEBUG_GCC5/AARCH64/ArmPkg/Library/ArmLib/ArmBaseLib/OUTPUT/ArmBaseLib.lib(AArch64Support.obj)
 .text.ArmWriteVBar
                0x0000000000000000       0x34 /mnt/d/TARGET/edk2sdm/workspace/Build/XiaomiMI6Pkg/DEBUG_GCC5/AARCH64/ArmPkg/Library/ArmLib/ArmBaseLib/OUTPUT/ArmBaseLib.lib(AArch64Support.obj)
 .text.ArmReadVBar
                0x0000000000000000       0x30 /mnt/d/TARGET/edk2sdm/workspace/Build/XiaomiMI6Pkg/DEBUG_GCC5/AARCH64/ArmPkg/Library/ArmLib/ArmBaseLib/OUTPUT/ArmBaseLib.lib(AArch64Support.obj)
 .text.ArmEnableVFP
                0x0000000000000000       0x64 /mnt/d/TARGET/edk2sdm/workspace/Build/XiaomiMI6Pkg/DEBUG_GCC5/AARCH64/ArmPkg/Library/ArmLib/ArmBaseLib/OUTPUT/ArmBaseLib.lib(AArch64Support.obj)
 .text.ArmCallWFI
                0x0000000000000000        0x8 /mnt/d/TARGET/edk2sdm/workspace/Build/XiaomiMI6Pkg/DEBUG_GCC5/AARCH64/ArmPkg/Library/ArmLib/ArmBaseLib/OUTPUT/ArmBaseLib.lib(AArch64Support.obj)
 .text.ArmReadMpidr
                0x0000000000000000        0x8 /mnt/d/TARGET/edk2sdm/workspace/Build/XiaomiMI6Pkg/DEBUG_GCC5/AARCH64/ArmPkg/Library/ArmLib/ArmBaseLib/OUTPUT/ArmBaseLib.lib(AArch64Support.obj)
 .text.ArmReadTpidrurw
                0x0000000000000000        0x8 /mnt/d/TARGET/edk2sdm/workspace/Build/XiaomiMI6Pkg/DEBUG_GCC5/AARCH64/ArmPkg/Library/ArmLib/ArmBaseLib/OUTPUT/ArmBaseLib.lib(AArch64Support.obj)
 .text.ArmWriteTpidrurw
                0x0000000000000000        0x8 /mnt/d/TARGET/edk2sdm/workspace/Build/XiaomiMI6Pkg/DEBUG_GCC5/AARCH64/ArmPkg/Library/ArmLib/ArmBaseLib/OUTPUT/ArmBaseLib.lib(AArch64Support.obj)
 .text.ArmReadIdPfr0
                0x0000000000000000        0x8 /mnt/d/TARGET/edk2sdm/workspace/Build/XiaomiMI6Pkg/DEBUG_GCC5/AARCH64/ArmPkg/Library/ArmLib/ArmBaseLib/OUTPUT/ArmBaseLib.lib(AArch64Support.obj)
 .text.ArmReadIdPfr1
                0x0000000000000000        0x8 /mnt/d/TARGET/edk2sdm/workspace/Build/XiaomiMI6Pkg/DEBUG_GCC5/AARCH64/ArmPkg/Library/ArmLib/ArmBaseLib/OUTPUT/ArmBaseLib.lib(AArch64Support.obj)
 .text.ArmWriteHcr
                0x0000000000000000        0x8 /mnt/d/TARGET/edk2sdm/workspace/Build/XiaomiMI6Pkg/DEBUG_GCC5/AARCH64/ArmPkg/Library/ArmLib/ArmBaseLib/OUTPUT/ArmBaseLib.lib(AArch64Support.obj)
 .text.ArmReadHcr
                0x0000000000000000        0x8 /mnt/d/TARGET/edk2sdm/workspace/Build/XiaomiMI6Pkg/DEBUG_GCC5/AARCH64/ArmPkg/Library/ArmLib/ArmBaseLib/OUTPUT/ArmBaseLib.lib(AArch64Support.obj)
 .text.ArmReadCurrentEL
                0x0000000000000000        0x8 /mnt/d/TARGET/edk2sdm/workspace/Build/XiaomiMI6Pkg/DEBUG_GCC5/AARCH64/ArmPkg/Library/ArmLib/ArmBaseLib/OUTPUT/ArmBaseLib.lib(AArch64Support.obj)
 .text.ArmReadCntHctl
                0x0000000000000000        0x8 /mnt/d/TARGET/edk2sdm/workspace/Build/XiaomiMI6Pkg/DEBUG_GCC5/AARCH64/ArmPkg/Library/ArmLib/ArmBaseLib/OUTPUT/ArmBaseLib.lib(AArch64Support.obj)
 .text.ArmWriteCntHctl
                0x0000000000000000        0x8 /mnt/d/TARGET/edk2sdm/workspace/Build/XiaomiMI6Pkg/DEBUG_GCC5/AARCH64/ArmPkg/Library/ArmLib/ArmBaseLib/OUTPUT/ArmBaseLib.lib(AArch64Support.obj)
 .text          0x0000000000000000        0x0 /mnt/d/TARGET/edk2sdm/workspace/Build/XiaomiMI6Pkg/DEBUG_GCC5/AARCH64/ArmPkg/Library/ArmLib/ArmBaseLib/OUTPUT/ArmBaseLib.lib(ArmLibSupport.obj)
 .data          0x0000000000000000        0x0 /mnt/d/TARGET/edk2sdm/workspace/Build/XiaomiMI6Pkg/DEBUG_GCC5/AARCH64/ArmPkg/Library/ArmLib/ArmBaseLib/OUTPUT/ArmBaseLib.lib(ArmLibSupport.obj)
 .bss           0x0000000000000000        0x0 /mnt/d/TARGET/edk2sdm/workspace/Build/XiaomiMI6Pkg/DEBUG_GCC5/AARCH64/ArmPkg/Library/ArmLib/ArmBaseLib/OUTPUT/ArmBaseLib.lib(ArmLibSupport.obj)
 .text.ArmReadMidr
                0x0000000000000000        0x8 /mnt/d/TARGET/edk2sdm/workspace/Build/XiaomiMI6Pkg/DEBUG_GCC5/AARCH64/ArmPkg/Library/ArmLib/ArmBaseLib/OUTPUT/ArmBaseLib.lib(ArmLibSupport.obj)
 .text.ArmGetFiqState
                0x0000000000000000       0x10 /mnt/d/TARGET/edk2sdm/workspace/Build/XiaomiMI6Pkg/DEBUG_GCC5/AARCH64/ArmPkg/Library/ArmLib/ArmBaseLib/OUTPUT/ArmBaseLib.lib(ArmLibSupport.obj)
 .text.ArmWriteCpacr
                0x0000000000000000        0x8 /mnt/d/TARGET/edk2sdm/workspace/Build/XiaomiMI6Pkg/DEBUG_GCC5/AARCH64/ArmPkg/Library/ArmLib/ArmBaseLib/OUTPUT/ArmBaseLib.lib(ArmLibSupport.obj)
 .text.ArmWriteAuxCr
                0x0000000000000000       0x28 /mnt/d/TARGET/edk2sdm/workspace/Build/XiaomiMI6Pkg/DEBUG_GCC5/AARCH64/ArmPkg/Library/ArmLib/ArmBaseLib/OUTPUT/ArmBaseLib.lib(ArmLibSupport.obj)
 .text.ArmReadAuxCr
                0x0000000000000000       0x28 /mnt/d/TARGET/edk2sdm/workspace/Build/XiaomiMI6Pkg/DEBUG_GCC5/AARCH64/ArmPkg/Library/ArmLib/ArmBaseLib/OUTPUT/ArmBaseLib.lib(ArmLibSupport.obj)
 .text.ArmSetTTBR0
                0x0000000000000000       0x34 /mnt/d/TARGET/edk2sdm/workspace/Build/XiaomiMI6Pkg/DEBUG_GCC5/AARCH64/ArmPkg/Library/ArmLib/ArmBaseLib/OUTPUT/ArmBaseLib.lib(ArmLibSupport.obj)
 .text.ArmGetTTBR0BaseAddress
                0x0000000000000000       0x30 /mnt/d/TARGET/edk2sdm/workspace/Build/XiaomiMI6Pkg/DEBUG_GCC5/AARCH64/ArmPkg/Library/ArmLib/ArmBaseLib/OUTPUT/ArmBaseLib.lib(ArmLibSupport.obj)
 .text.ArmGetTCR
                0x0000000000000000       0x34 /mnt/d/TARGET/edk2sdm/workspace/Build/XiaomiMI6Pkg/DEBUG_GCC5/AARCH64/ArmPkg/Library/ArmLib/ArmBaseLib/OUTPUT/ArmBaseLib.lib(ArmLibSupport.obj)
 .text.ArmSetTCR
                0x0000000000000000       0x34 /mnt/d/TARGET/edk2sdm/workspace/Build/XiaomiMI6Pkg/DEBUG_GCC5/AARCH64/ArmPkg/Library/ArmLib/ArmBaseLib/OUTPUT/ArmBaseLib.lib(ArmLibSupport.obj)
 .text.ArmGetMAIR
                0x0000000000000000       0x34 /mnt/d/TARGET/edk2sdm/workspace/Build/XiaomiMI6Pkg/DEBUG_GCC5/AARCH64/ArmPkg/Library/ArmLib/ArmBaseLib/OUTPUT/ArmBaseLib.lib(ArmLibSupport.obj)
 .text.ArmSetMAIR
                0x0000000000000000       0x34 /mnt/d/TARGET/edk2sdm/workspace/Build/XiaomiMI6Pkg/DEBUG_GCC5/AARCH64/ArmPkg/Library/ArmLib/ArmBaseLib/OUTPUT/ArmBaseLib.lib(ArmLibSupport.obj)
 .text.ArmUpdateTranslationTableEntry
                0x0000000000000000       0x40 /mnt/d/TARGET/edk2sdm/workspace/Build/XiaomiMI6Pkg/DEBUG_GCC5/AARCH64/ArmPkg/Library/ArmLib/ArmBaseLib/OUTPUT/ArmBaseLib.lib(ArmLibSupport.obj)
 .text.ArmInvalidateTlb
                0x0000000000000000       0x38 /mnt/d/TARGET/edk2sdm/workspace/Build/XiaomiMI6Pkg/DEBUG_GCC5/AARCH64/ArmPkg/Library/ArmLib/ArmBaseLib/OUTPUT/ArmBaseLib.lib(ArmLibSupport.obj)
 .text.ArmWriteCptr
                0x0000000000000000        0x8 /mnt/d/TARGET/edk2sdm/workspace/Build/XiaomiMI6Pkg/DEBUG_GCC5/AARCH64/ArmPkg/Library/ArmLib/ArmBaseLib/OUTPUT/ArmBaseLib.lib(ArmLibSupport.obj)
 .text.ArmWriteScr
                0x0000000000000000        0xc /mnt/d/TARGET/edk2sdm/workspace/Build/XiaomiMI6Pkg/DEBUG_GCC5/AARCH64/ArmPkg/Library/ArmLib/ArmBaseLib/OUTPUT/ArmBaseLib.lib(ArmLibSupport.obj)
 .text.ArmWriteMVBar
                0x0000000000000000        0x8 /mnt/d/TARGET/edk2sdm/workspace/Build/XiaomiMI6Pkg/DEBUG_GCC5/AARCH64/ArmPkg/Library/ArmLib/ArmBaseLib/OUTPUT/ArmBaseLib.lib(ArmLibSupport.obj)
 .text.ArmCallWFE
                0x0000000000000000        0x8 /mnt/d/TARGET/edk2sdm/workspace/Build/XiaomiMI6Pkg/DEBUG_GCC5/AARCH64/ArmPkg/Library/ArmLib/ArmBaseLib/OUTPUT/ArmBaseLib.lib(ArmLibSupport.obj)
 .text.ArmCallSEV
                0x0000000000000000        0x8 /mnt/d/TARGET/edk2sdm/workspace/Build/XiaomiMI6Pkg/DEBUG_GCC5/AARCH64/ArmPkg/Library/ArmLib/ArmBaseLib/OUTPUT/ArmBaseLib.lib(ArmLibSupport.obj)
 .text.ArmReadCpuActlr
                0x0000000000000000        0x8 /mnt/d/TARGET/edk2sdm/workspace/Build/XiaomiMI6Pkg/DEBUG_GCC5/AARCH64/ArmPkg/Library/ArmLib/ArmBaseLib/OUTPUT/ArmBaseLib.lib(ArmLibSupport.obj)
 .text.ArmWriteCpuActlr
                0x0000000000000000       0x10 /mnt/d/TARGET/edk2sdm/workspace/Build/XiaomiMI6Pkg/DEBUG_GCC5/AARCH64/ArmPkg/Library/ArmLib/ArmBaseLib/OUTPUT/ArmBaseLib.lib(ArmLibSupport.obj)
 .text.ArmReadSctlr
                0x0000000000000000       0x30 /mnt/d/TARGET/edk2sdm/workspace/Build/XiaomiMI6Pkg/DEBUG_GCC5/AARCH64/ArmPkg/Library/ArmLib/ArmBaseLib/OUTPUT/ArmBaseLib.lib(ArmLibSupport.obj)
 .text.ArmWriteSctlr
                0x0000000000000000       0x30 /mnt/d/TARGET/edk2sdm/workspace/Build/XiaomiMI6Pkg/DEBUG_GCC5/AARCH64/ArmPkg/Library/ArmLib/ArmBaseLib/OUTPUT/ArmBaseLib.lib(ArmLibSupport.obj)
 .text.ArmGetPhysicalAddressBits
                0x0000000000000000       0x24 /mnt/d/TARGET/edk2sdm/workspace/Build/XiaomiMI6Pkg/DEBUG_GCC5/AARCH64/ArmPkg/Library/ArmLib/ArmBaseLib/OUTPUT/ArmBaseLib.lib(ArmLibSupport.obj)
 .text          0x0000000000000000        0x0 /mnt/d/TARGET/edk2sdm/workspace/Build/XiaomiMI6Pkg/DEBUG_GCC5/AARCH64/ArmPkg/Library/ArmLib/ArmBaseLib/OUTPUT/ArmBaseLib.lib(ArmLibSupportV8.obj)
 .data          0x0000000000000000        0x0 /mnt/d/TARGET/edk2sdm/workspace/Build/XiaomiMI6Pkg/DEBUG_GCC5/AARCH64/ArmPkg/Library/ArmLib/ArmBaseLib/OUTPUT/ArmBaseLib.lib(ArmLibSupportV8.obj)
 .bss           0x0000000000000000        0x0 /mnt/d/TARGET/edk2sdm/workspace/Build/XiaomiMI6Pkg/DEBUG_GCC5/AARCH64/ArmPkg/Library/ArmLib/ArmBaseLib/OUTPUT/ArmBaseLib.lib(ArmLibSupportV8.obj)
 .text.ArmIsMpCore
                0x0000000000000000       0x14 /mnt/d/TARGET/edk2sdm/workspace/Build/XiaomiMI6Pkg/DEBUG_GCC5/AARCH64/ArmPkg/Library/ArmLib/ArmBaseLib/OUTPUT/ArmBaseLib.lib(ArmLibSupportV8.obj)
 .text.ArmEnableAsynchronousAbort
                0x0000000000000000        0xc /mnt/d/TARGET/edk2sdm/workspace/Build/XiaomiMI6Pkg/DEBUG_GCC5/AARCH64/ArmPkg/Library/ArmLib/ArmBaseLib/OUTPUT/ArmBaseLib.lib(ArmLibSupportV8.obj)
 .text.ArmDisableAsynchronousAbort
                0x0000000000000000        0xc /mnt/d/TARGET/edk2sdm/workspace/Build/XiaomiMI6Pkg/DEBUG_GCC5/AARCH64/ArmPkg/Library/ArmLib/ArmBaseLib/OUTPUT/ArmBaseLib.lib(ArmLibSupportV8.obj)
 .text.ArmEnableIrq
                0x0000000000000000        0xc /mnt/d/TARGET/edk2sdm/workspace/Build/XiaomiMI6Pkg/DEBUG_GCC5/AARCH64/ArmPkg/Library/ArmLib/ArmBaseLib/OUTPUT/ArmBaseLib.lib(ArmLibSupportV8.obj)
 .text.ArmDisableIrq
                0x0000000000000000        0xc /mnt/d/TARGET/edk2sdm/workspace/Build/XiaomiMI6Pkg/DEBUG_GCC5/AARCH64/ArmPkg/Library/ArmLib/ArmBaseLib/OUTPUT/ArmBaseLib.lib(ArmLibSupportV8.obj)
 .text.ArmEnableFiq
                0x0000000000000000        0xc /mnt/d/TARGET/edk2sdm/workspace/Build/XiaomiMI6Pkg/DEBUG_GCC5/AARCH64/ArmPkg/Library/ArmLib/ArmBaseLib/OUTPUT/ArmBaseLib.lib(ArmLibSupportV8.obj)
 .text.ArmDisableFiq
                0x0000000000000000        0xc /mnt/d/TARGET/edk2sdm/workspace/Build/XiaomiMI6Pkg/DEBUG_GCC5/AARCH64/ArmPkg/Library/ArmLib/ArmBaseLib/OUTPUT/ArmBaseLib.lib(ArmLibSupportV8.obj)
 .text.ArmDisableAllExceptions
                0x0000000000000000        0xc /mnt/d/TARGET/edk2sdm/workspace/Build/XiaomiMI6Pkg/DEBUG_GCC5/AARCH64/ArmPkg/Library/ArmLib/ArmBaseLib/OUTPUT/ArmBaseLib.lib(ArmLibSupportV8.obj)
 .text.ReadCCSIDR
                0x0000000000000000       0x10 /mnt/d/TARGET/edk2sdm/workspace/Build/XiaomiMI6Pkg/DEBUG_GCC5/AARCH64/ArmPkg/Library/ArmLib/ArmBaseLib/OUTPUT/ArmBaseLib.lib(ArmLibSupportV8.obj)
 .text.ReadCLIDR
                0x0000000000000000        0x8 /mnt/d/TARGET/edk2sdm/workspace/Build/XiaomiMI6Pkg/DEBUG_GCC5/AARCH64/ArmPkg/Library/ArmLib/ArmBaseLib/OUTPUT/ArmBaseLib.lib(ArmLibSupportV8.obj)
 .text          0x0000000000000000        0x0 /mnt/d/TARGET/edk2sdm/workspace/Build/XiaomiMI6Pkg/DEBUG_GCC5/AARCH64/ArmPkg/Library/ArmLib/ArmBaseLib/OUTPUT/ArmBaseLib.lib(AArch64ArchTimerSupport.obj)
 .data          0x0000000000000000        0x0 /mnt/d/TARGET/edk2sdm/workspace/Build/XiaomiMI6Pkg/DEBUG_GCC5/AARCH64/ArmPkg/Library/ArmLib/ArmBaseLib/OUTPUT/ArmBaseLib.lib(AArch64ArchTimerSupport.obj)
 .bss           0x0000000000000000        0x0 /mnt/d/TARGET/edk2sdm/workspace/Build/XiaomiMI6Pkg/DEBUG_GCC5/AARCH64/ArmPkg/Library/ArmLib/ArmBaseLib/OUTPUT/ArmBaseLib.lib(AArch64ArchTimerSupport.obj)
 .text.ArmWriteCntFrq
                0x0000000000000000        0x8 /mnt/d/TARGET/edk2sdm/workspace/Build/XiaomiMI6Pkg/DEBUG_GCC5/AARCH64/ArmPkg/Library/ArmLib/ArmBaseLib/OUTPUT/ArmBaseLib.lib(AArch64ArchTimerSupport.obj)
 .text.ArmReadCntPct
                0x0000000000000000        0x8 /mnt/d/TARGET/edk2sdm/workspace/Build/XiaomiMI6Pkg/DEBUG_GCC5/AARCH64/ArmPkg/Library/ArmLib/ArmBaseLib/OUTPUT/ArmBaseLib.lib(AArch64ArchTimerSupport.obj)
 .text.ArmReadCntkCtl
                0x0000000000000000        0x8 /mnt/d/TARGET/edk2sdm/workspace/Build/XiaomiMI6Pkg/DEBUG_GCC5/AARCH64/ArmPkg/Library/ArmLib/ArmBaseLib/OUTPUT/ArmBaseLib.lib(AArch64ArchTimerSupport.obj)
 .text.ArmWriteCntkCtl
                0x0000000000000000        0x8 /mnt/d/TARGET/edk2sdm/workspace/Build/XiaomiMI6Pkg/DEBUG_GCC5/AARCH64/ArmPkg/Library/ArmLib/ArmBaseLib/OUTPUT/ArmBaseLib.lib(AArch64ArchTimerSupport.obj)
 .text.ArmReadCntpTval
                0x0000000000000000        0x8 /mnt/d/TARGET/edk2sdm/workspace/Build/XiaomiMI6Pkg/DEBUG_GCC5/AARCH64/ArmPkg/Library/ArmLib/ArmBaseLib/OUTPUT/ArmBaseLib.lib(AArch64ArchTimerSupport.obj)
 .text.ArmWriteCntpTval
                0x0000000000000000        0x8 /mnt/d/TARGET/edk2sdm/workspace/Build/XiaomiMI6Pkg/DEBUG_GCC5/AARCH64/ArmPkg/Library/ArmLib/ArmBaseLib/OUTPUT/ArmBaseLib.lib(AArch64ArchTimerSupport.obj)
 .text.ArmReadCntpCtl
                0x0000000000000000        0x8 /mnt/d/TARGET/edk2sdm/workspace/Build/XiaomiMI6Pkg/DEBUG_GCC5/AARCH64/ArmPkg/Library/ArmLib/ArmBaseLib/OUTPUT/ArmBaseLib.lib(AArch64ArchTimerSupport.obj)
 .text.ArmWriteCntpCtl
                0x0000000000000000        0x8 /mnt/d/TARGET/edk2sdm/workspace/Build/XiaomiMI6Pkg/DEBUG_GCC5/AARCH64/ArmPkg/Library/ArmLib/ArmBaseLib/OUTPUT/ArmBaseLib.lib(AArch64ArchTimerSupport.obj)
 .text.ArmReadCntvTval
                0x0000000000000000        0x8 /mnt/d/TARGET/edk2sdm/workspace/Build/XiaomiMI6Pkg/DEBUG_GCC5/AARCH64/ArmPkg/Library/ArmLib/ArmBaseLib/OUTPUT/ArmBaseLib.lib(AArch64ArchTimerSupport.obj)
 .text.ArmWriteCntvTval
                0x0000000000000000        0x8 /mnt/d/TARGET/edk2sdm/workspace/Build/XiaomiMI6Pkg/DEBUG_GCC5/AARCH64/ArmPkg/Library/ArmLib/ArmBaseLib/OUTPUT/ArmBaseLib.lib(AArch64ArchTimerSupport.obj)
 .text.ArmReadCntvCtl
                0x0000000000000000        0x8 /mnt/d/TARGET/edk2sdm/workspace/Build/XiaomiMI6Pkg/DEBUG_GCC5/AARCH64/ArmPkg/Library/ArmLib/ArmBaseLib/OUTPUT/ArmBaseLib.lib(AArch64ArchTimerSupport.obj)
 .text.ArmWriteCntvCtl
                0x0000000000000000        0x8 /mnt/d/TARGET/edk2sdm/workspace/Build/XiaomiMI6Pkg/DEBUG_GCC5/AARCH64/ArmPkg/Library/ArmLib/ArmBaseLib/OUTPUT/ArmBaseLib.lib(AArch64ArchTimerSupport.obj)
 .text.ArmReadCntvCt
                0x0000000000000000        0x8 /mnt/d/TARGET/edk2sdm/workspace/Build/XiaomiMI6Pkg/DEBUG_GCC5/AARCH64/ArmPkg/Library/ArmLib/ArmBaseLib/OUTPUT/ArmBaseLib.lib(AArch64ArchTimerSupport.obj)
 .text.ArmReadCntpCval
                0x0000000000000000        0x8 /mnt/d/TARGET/edk2sdm/workspace/Build/XiaomiMI6Pkg/DEBUG_GCC5/AARCH64/ArmPkg/Library/ArmLib/ArmBaseLib/OUTPUT/ArmBaseLib.lib(AArch64ArchTimerSupport.obj)
 .text.ArmWriteCntpCval
                0x0000000000000000        0x8 /mnt/d/TARGET/edk2sdm/workspace/Build/XiaomiMI6Pkg/DEBUG_GCC5/AARCH64/ArmPkg/Library/ArmLib/ArmBaseLib/OUTPUT/ArmBaseLib.lib(AArch64ArchTimerSupport.obj)
 .text.ArmReadCntvCval
                0x0000000000000000        0x8 /mnt/d/TARGET/edk2sdm/workspace/Build/XiaomiMI6Pkg/DEBUG_GCC5/AARCH64/ArmPkg/Library/ArmLib/ArmBaseLib/OUTPUT/ArmBaseLib.lib(AArch64ArchTimerSupport.obj)
 .text.ArmWriteCntvCval
                0x0000000000000000        0x8 /mnt/d/TARGET/edk2sdm/workspace/Build/XiaomiMI6Pkg/DEBUG_GCC5/AARCH64/ArmPkg/Library/ArmLib/ArmBaseLib/OUTPUT/ArmBaseLib.lib(AArch64ArchTimerSupport.obj)
 .text.ArmReadCntvOff
                0x0000000000000000        0x8 /mnt/d/TARGET/edk2sdm/workspace/Build/XiaomiMI6Pkg/DEBUG_GCC5/AARCH64/ArmPkg/Library/ArmLib/ArmBaseLib/OUTPUT/ArmBaseLib.lib(AArch64ArchTimerSupport.obj)
 .text.ArmWriteCntvOff
                0x0000000000000000        0x8 /mnt/d/TARGET/edk2sdm/workspace/Build/XiaomiMI6Pkg/DEBUG_GCC5/AARCH64/ArmPkg/Library/ArmLib/ArmBaseLib/OUTPUT/ArmBaseLib.lib(AArch64ArchTimerSupport.obj)

Memory Configuration

Name             Origin             Length             Attributes
*default*        0x0000000000000000 0xffffffffffffffff

Linker script and memory map

LOAD /mnt/d/TARGET/edk2sdm/edk2/ArmPkg/Library/GccLto/liblto-aarch64.a
LOAD /tmp/ccHQHr4V.ltrans0.ltrans.o
START GROUP
LOAD /mnt/d/TARGET/edk2sdm/workspace/Build/XiaomiMI6Pkg/DEBUG_GCC5/AARCH64/MdePkg/Library/BaseLib/BaseLib/OUTPUT/BaseLib.lib
LOAD /mnt/d/TARGET/edk2sdm/workspace/Build/XiaomiMI6Pkg/DEBUG_GCC5/AARCH64/MdePkg/Library/DxePcdLib/DxePcdLib/OUTPUT/DxePcdLib.lib
LOAD /mnt/d/TARGET/edk2sdm/workspace/Build/XiaomiMI6Pkg/DEBUG_GCC5/AARCH64/MdePkg/Library/BaseMemoryLibOptDxe/BaseMemoryLibOptDxe/OUTPUT/BaseMemoryLibOptDxe.lib
LOAD /mnt/d/TARGET/edk2sdm/workspace/Build/XiaomiMI6Pkg/DEBUG_GCC5/AARCH64/ArmPkg/Library/ArmLib/ArmBaseLib/OUTPUT/ArmBaseLib.lib
LOAD /mnt/d/TARGET/edk2sdm/workspace/Build/XiaomiMI6Pkg/DEBUG_GCC5/AARCH64/ArmPkg/Library/CompilerIntrinsicsLib/CompilerIntrinsicsLib/OUTPUT/CompilerIntrinsicsLib.lib
LOAD /mnt/d/TARGET/edk2sdm/workspace/Build/XiaomiMI6Pkg/DEBUG_GCC5/AARCH64/MdePkg/Library/BaseIoLibIntrinsic/BaseIoLibIntrinsic/OUTPUT/BaseIoLibIntrinsic.lib
LOAD /mnt/d/TARGET/edk2sdm/workspace/Build/XiaomiMI6Pkg/DEBUG_GCC5/AARCH64/ArmPkg/Library/ArmCacheMaintenanceLib/ArmCacheMaintenanceLib/OUTPUT/ArmCacheMaintenanceLib.lib
LOAD /mnt/d/TARGET/edk2sdm/workspace/Build/XiaomiMI6Pkg/DEBUG_GCC5/AARCH64/MdePkg/Library/BaseDebugPrintErrorLevelLib/BaseDebugPrintErrorLevelLib/OUTPUT/BaseDebugPrintErrorLevelLib.lib
LOAD /mnt/d/TARGET/edk2sdm/workspace/Build/XiaomiMI6Pkg/DEBUG_GCC5/AARCH64/MdePkg/Library/BasePrintLib/BasePrintLib/OUTPUT/BasePrintLib.lib
LOAD /mnt/d/TARGET/edk2sdm/workspace/Build/XiaomiMI6Pkg/DEBUG_GCC5/AARCH64/XiaomiMI6Pkg/Library/FrameBufferSerialPortLib/FrameBufferSerialPortLib/OUTPUT/FrameBufferSerialPortLib.lib
LOAD /mnt/d/TARGET/edk2sdm/workspace/Build/XiaomiMI6Pkg/DEBUG_GCC5/AARCH64/MdePkg/Library/BaseDebugLibSerialPort/BaseDebugLibSerialPort/OUTPUT/BaseDebugLibSerialPort.lib
LOAD /mnt/d/TARGET/edk2sdm/workspace/Build/XiaomiMI6Pkg/DEBUG_GCC5/AARCH64/MdePkg/Library/UefiBootServicesTableLib/UefiBootServicesTableLib/OUTPUT/UefiBootServicesTableLib.lib
LOAD /mnt/d/TARGET/edk2sdm/workspace/Build/XiaomiMI6Pkg/DEBUG_GCC5/AARCH64/MdePkg/Library/UefiMemoryAllocationLib/UefiMemoryAllocationLib/OUTPUT/UefiMemoryAllocationLib.lib
LOAD /mnt/d/TARGET/edk2sdm/workspace/Build/XiaomiMI6Pkg/DEBUG_GCC5/AARCH64/MdePkg/Library/UefiRuntimeServicesTableLib/UefiRuntimeServicesTableLib/OUTPUT/UefiRuntimeServicesTableLib.lib
LOAD /mnt/d/TARGET/edk2sdm/workspace/Build/XiaomiMI6Pkg/DEBUG_GCC5/AARCH64/MdePkg/Library/UefiDevicePathLib/UefiDevicePathLib/OUTPUT/UefiDevicePathLib.lib
LOAD /mnt/d/TARGET/edk2sdm/workspace/Build/XiaomiMI6Pkg/DEBUG_GCC5/AARCH64/MdePkg/Library/UefiLib/UefiLib/OUTPUT/UefiLib.lib
LOAD /mnt/d/TARGET/edk2sdm/workspace/Build/XiaomiMI6Pkg/DEBUG_GCC5/AARCH64/MdePkg/Library/DxeHobLib/DxeHobLib/OUTPUT/DxeHobLib.lib
LOAD /mnt/d/TARGET/edk2sdm/workspace/Build/XiaomiMI6Pkg/DEBUG_GCC5/AARCH64/ArmPkg/Library/ArmGenericTimerPhyCounterLib/ArmGenericTimerPhyCounterLib/OUTPUT/ArmGenericTimerPhyCounterLib.lib
LOAD /mnt/d/TARGET/edk2sdm/workspace/Build/XiaomiMI6Pkg/DEBUG_GCC5/AARCH64/MdePkg/Library/DxeServicesTableLib/DxeServicesTableLib/OUTPUT/DxeServicesTableLib.lib
LOAD /mnt/d/TARGET/edk2sdm/workspace/Build/XiaomiMI6Pkg/DEBUG_GCC5/AARCH64/ArmPkg/Library/ArmArchTimerLib/ArmArchTimerLib/OUTPUT/ArmArchTimerLib.lib
LOAD /mnt/d/TARGET/edk2sdm/workspace/Build/XiaomiMI6Pkg/DEBUG_GCC5/AARCH64/MdePkg/Library/UefiDriverEntryPoint/UefiDriverEntryPoint/OUTPUT/UefiDriverEntryPoint.lib
LOAD /mnt/d/TARGET/edk2sdm/workspace/Build/XiaomiMI6Pkg/DEBUG_GCC5/AARCH64/MdePkg/Library/BaseStackCheckLib/BaseStackCheckLib/OUTPUT/BaseStackCheckLib.lib
LOAD /mnt/d/TARGET/edk2sdm/workspace/Build/XiaomiMI6Pkg/DEBUG_GCC5/AARCH64/XiaomiMI6Pkg/XiaomiMI6Dxe/XiaomiMI6Dxe/OUTPUT/XiaomiMI6Dxe.lib
END GROUP
                0x0000000000000228                . = PECOFF_HEADER_SIZE

.gnu.version_d  0x0000000000000228        0x0
 .gnu.version_d
                0x0000000000000228        0x0 /mnt/d/TARGET/edk2sdm/edk2/ArmPkg/Library/GccLto/liblto-aarch64.a

.gnu.version    0x0000000000000228        0x0
 .gnu.version   0x0000000000000228        0x0 /mnt/d/TARGET/edk2sdm/edk2/ArmPkg/Library/GccLto/liblto-aarch64.a

.gnu.version_r  0x0000000000000228        0x0
 .gnu.version_r
                0x0000000000000228        0x0 /mnt/d/TARGET/edk2sdm/edk2/ArmPkg/Library/GccLto/liblto-aarch64.a

.text           0x0000000000001000     0x26b8
 *(.text .text.* .stub .gnu.linkonce.t.*)
 .text.DebugPrintLevelEnabled.constprop.5
                0x0000000000001000        0x8 /tmp/ccHQHr4V.ltrans0.ltrans.o
 .text.BasePrintLibFillBuffer
                0x0000000000001008       0x34 /tmp/ccHQHr4V.ltrans0.ltrans.o
 .text.AsciiStrnLenS
                0x000000000000103c       0x3c /tmp/ccHQHr4V.ltrans0.ltrans.o
 .text.DebugPrintEnabled
                0x0000000000001078        0x8 /tmp/ccHQHr4V.ltrans0.ltrans.o
 .text.DebugAssertEnabled
                0x0000000000001080        0x8 /tmp/ccHQHr4V.ltrans0.ltrans.o
 .text.ProcessLibraryDestructorList
                0x0000000000001088        0x4 /tmp/ccHQHr4V.ltrans0.ltrans.o
 .text.BaseDebugLibSerialPortConstructor
                0x000000000000108c       0x84 /tmp/ccHQHr4V.ltrans0.ltrans.o
 .text.FbConFlush
                0x0000000000001110       0x54 /tmp/ccHQHr4V.ltrans0.ltrans.o
 .text.SerialPortWrite
                0x0000000000001164      0x418 /tmp/ccHQHr4V.ltrans0.ltrans.o
 .text.DebugAssert
                0x000000000000157c       0x7c /tmp/ccHQHr4V.ltrans0.ltrans.o
 .text.CompareGuid
                0x00000000000015f8       0x54 /tmp/ccHQHr4V.ltrans0.ltrans.o
 .text.unlikely.ReadUnaligned16
                0x000000000000164c       0x68 /tmp/ccHQHr4V.ltrans0.ltrans.o
 .text.BasePrintLibSPrintMarker.constprop.12
                0x00000000000016b4      0xcbc /tmp/ccHQHr4V.ltrans0.ltrans.o
 .text.unlikely.BasePrintLibSPrint.constprop.13
                0x0000000000002370       0x98 /tmp/ccHQHr4V.ltrans0.ltrans.o
 .text.AsciiSPrint.constprop.10
                0x0000000000002408       0xa4 /tmp/ccHQHr4V.ltrans0.ltrans.o
 .text.AsciiStrLen
                0x00000000000024ac       0x80 /tmp/ccHQHr4V.ltrans0.ltrans.o
 .text.DebugPrint.constprop.6
                0x000000000000252c       0xb8 /tmp/ccHQHr4V.ltrans0.ltrans.o
 .text.TimerConstructor
                0x00000000000025e4       0x84 /tmp/ccHQHr4V.ltrans0.ltrans.o
 .text.EfiGetSystemConfigurationTable
                0x0000000000002668       0x94 /tmp/ccHQHr4V.ltrans0.ltrans.o
 .text.__stack_chk_fail
                0x00000000000026fc       0x34 /tmp/ccHQHr4V.ltrans0.ltrans.o
                0x00000000000026fc                __stack_chk_fail
 .text._ModuleEntryPoint
                0x0000000000002730      0x48c /tmp/ccHQHr4V.ltrans0.ltrans.o
                0x0000000000002730                _ModuleEntryPoint
 .text.memcpy   0x0000000000002bbc       0x20 /tmp/ccHQHr4V.ltrans0.ltrans.o
                0x0000000000002bbc                memcpy
 *fill*         0x0000000000002bdc        0x4 
 .text          0x0000000000002be0       0x20 /mnt/d/TARGET/edk2sdm/workspace/Build/XiaomiMI6Pkg/DEBUG_GCC5/AARCH64/MdePkg/Library/BaseMemoryLibOptDxe/BaseMemoryLibOptDxe/OUTPUT/BaseMemoryLibOptDxe.lib(CompareGuid.obj)
                0x0000000000002be0                InternalMemCompareGuid
 .text.ArmCleanInvalidateDataCacheEntryByMVA
                0x0000000000002c00        0x8 /mnt/d/TARGET/edk2sdm/workspace/Build/XiaomiMI6Pkg/DEBUG_GCC5/AARCH64/ArmPkg/Library/ArmLib/ArmBaseLib/OUTPUT/ArmBaseLib.lib(AArch64Support.obj)
                0x0000000000002c00                ArmCleanInvalidateDataCacheEntryByMVA
 .text.ArmDataSynchronizationBarrier
                0x0000000000002c08        0x8 /mnt/d/TARGET/edk2sdm/workspace/Build/XiaomiMI6Pkg/DEBUG_GCC5/AARCH64/ArmPkg/Library/ArmLib/ArmBaseLib/OUTPUT/ArmBaseLib.lib(AArch64Support.obj)
                0x0000000000002c08                ArmDataSynchronizationBarrier
 .text.ArmIsArchTimerImplemented
                0x0000000000002c10        0x8 /mnt/d/TARGET/edk2sdm/workspace/Build/XiaomiMI6Pkg/DEBUG_GCC5/AARCH64/ArmPkg/Library/ArmLib/ArmBaseLib/OUTPUT/ArmBaseLib.lib(AArch64Support.obj)
                0x0000000000002c10                ArmIsArchTimerImplemented
 .text.ArmCacheInfo
                0x0000000000002c18        0x8 /mnt/d/TARGET/edk2sdm/workspace/Build/XiaomiMI6Pkg/DEBUG_GCC5/AARCH64/ArmPkg/Library/ArmLib/ArmBaseLib/OUTPUT/ArmBaseLib.lib(ArmLibSupport.obj)
                0x0000000000002c18                ArmCacheInfo
 .text.ArmGetInterruptState
                0x0000000000002c20       0x10 /mnt/d/TARGET/edk2sdm/workspace/Build/XiaomiMI6Pkg/DEBUG_GCC5/AARCH64/ArmPkg/Library/ArmLib/ArmBaseLib/OUTPUT/ArmBaseLib.lib(ArmLibSupport.obj)
                0x0000000000002c20                ArmGetInterruptState
 .text.ArmEnableInterrupts
                0x0000000000002c30        0xc /mnt/d/TARGET/edk2sdm/workspace/Build/XiaomiMI6Pkg/DEBUG_GCC5/AARCH64/ArmPkg/Library/ArmLib/ArmBaseLib/OUTPUT/ArmBaseLib.lib(ArmLibSupportV8.obj)
                0x0000000000002c30                ArmEnableInterrupts
 .text.ArmDisableInterrupts
                0x0000000000002c3c        0xc /mnt/d/TARGET/edk2sdm/workspace/Build/XiaomiMI6Pkg/DEBUG_GCC5/AARCH64/ArmPkg/Library/ArmLib/ArmBaseLib/OUTPUT/ArmBaseLib.lib(ArmLibSupportV8.obj)
                0x0000000000002c3c                ArmDisableInterrupts
 .text.ArmReadCntFrq
                0x0000000000002c48        0x8 /mnt/d/TARGET/edk2sdm/workspace/Build/XiaomiMI6Pkg/DEBUG_GCC5/AARCH64/ArmPkg/Library/ArmLib/ArmBaseLib/OUTPUT/ArmBaseLib.lib(AArch64ArchTimerSupport.obj)
                0x0000000000002c48                ArmReadCntFrq
 *(.rodata .rodata.* .gnu.linkonce.r.*)
 .rodata.AsciiStrLen.str1.1
                0x0000000000002c50       0x73 /tmp/ccHQHr4V.ltrans0.ltrans.o
 .rodata.BasePrintLibSPrintMarker.constprop.12.str1.1
                0x0000000000002cc3      0x17a /tmp/ccHQHr4V.ltrans0.ltrans.o
 .rodata.CompareGuid.str1.1
                0x0000000000002e3d       0x65 /tmp/ccHQHr4V.ltrans0.ltrans.o
 .rodata.DebugAssert.str1.1
                0x0000000000002ea2       0x25 /tmp/ccHQHr4V.ltrans0.ltrans.o
 .rodata.ReadUnaligned16.str1.1
                0x0000000000002ec7       0x59 /tmp/ccHQHr4V.ltrans0.ltrans.o
 .rodata.TimerConstructor.str1.1
                0x0000000000002f20       0xc9 /tmp/ccHQHr4V.ltrans0.ltrans.o
                                         0xcb (size before relaxing)
 .rodata._ModuleEntryPoint.str1.1
                0x0000000000002fe9      0x30c /tmp/ccHQHr4V.ltrans0.ltrans.o
 .rodata.__stack_chk_fail.str1.1
                0x00000000000032f5       0x2e /tmp/ccHQHr4V.ltrans0.ltrans.o
 .rodata.mHexStr
                0x0000000000003323       0x10 /tmp/ccHQHr4V.ltrans0.ltrans.o
 *fill*         0x0000000000003333        0x5 
 .rodata.mStatusString
                0x0000000000003338      0x138 /tmp/ccHQHr4V.ltrans0.ltrans.o
 .rodata.str1.1
                0x0000000000003470      0x224 /tmp/ccHQHr4V.ltrans0.ltrans.o
                                        0x235 (size before relaxing)
 *(.got .got.*)
 *fill*         0x0000000000003694        0x4 
 .got           0x0000000000003698        0x8 /mnt/d/TARGET/edk2sdm/edk2/ArmPkg/Library/GccLto/liblto-aarch64.a
                0x0000000000003698                _GLOBAL_OFFSET_TABLE_
 .got.plt       0x00000000000036a0       0x18 /mnt/d/TARGET/edk2sdm/edk2/ArmPkg/Library/GccLto/liblto-aarch64.a
 *:AutoGen.obj(.data.g*Guid)

.plt            0x00000000000036b8        0x0
 .plt           0x00000000000036b8        0x0 /mnt/d/TARGET/edk2sdm/edk2/ArmPkg/Library/GccLto/liblto-aarch64.a

.data           0x0000000000004000      0x3b8
 *(.data .data.* .gnu.linkonce.d.*)
 .data.rel.ro   0x0000000000004000        0x0 /mnt/d/TARGET/edk2sdm/edk2/ArmPkg/Library/GccLto/liblto-aarch64.a
 .data.__stack_chk_guard
                0x0000000000004000        0x8 /tmp/ccHQHr4V.ltrans0.ltrans.o
                0x0000000000004000                __stack_chk_guard
 .data.font5x12
                0x0000000000004008      0x300 /tmp/ccHQHr4V.ltrans0.ltrans.o
 .data.gEfiCpuArchProtocolGuid
                0x0000000000004308       0x10 /tmp/ccHQHr4V.ltrans0.ltrans.o
 .data.gEfiDxeServicesTableGuid
                0x0000000000004318       0x10 /tmp/ccHQHr4V.ltrans0.ltrans.o
 .data.gEfiEndOfDxeEventGroupGuid
                0x0000000000004328       0x10 /tmp/ccHQHr4V.ltrans0.ltrans.o
 .data.gEfiHobListGuid
                0x0000000000004338       0x10 /tmp/ccHQHr4V.ltrans0.ltrans.o
 *(.bss .bss.*)
 .bss.gBS       0x0000000000004348        0x8 /tmp/ccHQHr4V.ltrans0.ltrans.o
 .bss.gCpu      0x0000000000004350        0x8 /tmp/ccHQHr4V.ltrans0.ltrans.o
 .bss.gDS       0x0000000000004358        0x8 /tmp/ccHQHr4V.ltrans0.ltrans.o
 .bss.gImageHandle
                0x0000000000004360        0x8 /tmp/ccHQHr4V.ltrans0.ltrans.o
 .bss.gRT       0x0000000000004368        0x8 /tmp/ccHQHr4V.ltrans0.ltrans.o
 .bss.gST       0x0000000000004370        0x8 /tmp/ccHQHr4V.ltrans0.ltrans.o
 .bss.mHobList  0x0000000000004378        0x8 /tmp/ccHQHr4V.ltrans0.ltrans.o
 .bss.m_Color   0x0000000000004380       0x10 /tmp/ccHQHr4V.ltrans0.ltrans.o
 .bss.m_Initialized
                0x0000000000004390        0x1 /tmp/ccHQHr4V.ltrans0.ltrans.o
 *fill*         0x0000000000004391        0x7 
 .bss.m_MaxPosition
                0x0000000000004398       0x10 /tmp/ccHQHr4V.ltrans0.ltrans.o
 .bss.m_Position
                0x00000000000043a8       0x10 /tmp/ccHQHr4V.ltrans0.ltrans.o

.dynbss         0x00000000000043b8        0x0
 .dynbss        0x00000000000043b8        0x0 /mnt/d/TARGET/edk2sdm/edk2/ArmPkg/Library/GccLto/liblto-aarch64.a

.eh_frame
 *(.eh_frame)

.rela           0x00000000000043b8      0x3a8
 *(.rela .rela.*)
 .rela.got      0x00000000000043b8        0x0 /mnt/d/TARGET/edk2sdm/edk2/ArmPkg/Library/GccLto/liblto-aarch64.a
 .rela.plt      0x00000000000043b8        0x0 /mnt/d/TARGET/edk2sdm/edk2/ArmPkg/Library/GccLto/liblto-aarch64.a
 .rela.bss      0x00000000000043b8        0x0 /mnt/d/TARGET/edk2sdm/edk2/ArmPkg/Library/GccLto/liblto-aarch64.a
 .rela.data.rel.ro
                0x00000000000043b8        0x0 /mnt/d/TARGET/edk2sdm/edk2/ArmPkg/Library/GccLto/liblto-aarch64.a
 .rela.ifunc    0x00000000000043b8        0x0 /mnt/d/TARGET/edk2sdm/edk2/ArmPkg/Library/GccLto/liblto-aarch64.a
 .rela.rodata.mStatusString
                0x00000000000043b8      0x3a8 /mnt/d/TARGET/edk2sdm/edk2/ArmPkg/Library/GccLto/liblto-aarch64.a

.hii
 *(.hii)

.build-id       0x0000000000004760       0x24
 *(.note.gnu.build-id)
 .note.gnu.build-id
                0x0000000000004760       0x24 /mnt/d/TARGET/edk2sdm/edk2/ArmPkg/Library/GccLto/liblto-aarch64.a

/DISCARD/
 *(.note.GNU-stack)
 *(.gnu_debuglink)
 *(.interp)
 *(.dynsym)
 *(.dynstr)
 *(.dynamic)
 *(.hash .gnu.hash)
 *(.comment)
 *(COMMON)
                0x0000000000000228                PECOFF_HEADER_SIZE = 0x228
OUTPUT(/mnt/d/TARGET/edk2sdm/workspace/Build/XiaomiMI6Pkg/DEBUG_GCC5/AARCH64/XiaomiMI6Pkg/XiaomiMI6Dxe/XiaomiMI6Dxe/DEBUG/XiaomiMI6Dxe.dll elf64-littleaarch64)

.debug_info     0x0000000000000000     0x5db7
 .debug_info    0x0000000000000000     0x5db7 /tmp/ccHQHr4V.ltrans0.ltrans.o

.debug_abbrev   0x0000000000000000      0x5f7
 .debug_abbrev  0x0000000000000000      0x5f7 /tmp/ccHQHr4V.ltrans0.ltrans.o

.debug_loc      0x0000000000000000     0x39e2
 .debug_loc     0x0000000000000000     0x39e2 /tmp/ccHQHr4V.ltrans0.ltrans.o

.debug_aranges  0x0000000000000000      0x1b0
 .debug_aranges
                0x0000000000000000      0x1b0 /tmp/ccHQHr4V.ltrans0.ltrans.o

.debug_ranges   0x0000000000000000      0x570
 .debug_ranges  0x0000000000000000      0x570 /tmp/ccHQHr4V.ltrans0.ltrans.o

.debug_line     0x0000000000000000     0x10f2
 .debug_line    0x0000000000000000     0x10f2 /tmp/ccHQHr4V.ltrans0.ltrans.o

.debug_str      0x0000000000000000     0x27af
 .debug_str     0x0000000000000000     0x27af /tmp/ccHQHr4V.ltrans0.ltrans.o
                                       0x29ec (size before relaxing)

.debug_frame    0x0000000000000000      0x480
 .debug_frame   0x0000000000000000      0x480 /tmp/ccHQHr4V.ltrans0.ltrans.o
